<html>
<body>
<pre>
<h1>µVision Build Log</h1>
<h2>Tool Versions:</h2>
IDE-Version: µVision V5.26.2.0
Copyright (C) 2018 ARM Ltd and ARM Germany GmbH. All rights reserved.
License Information: Peter Hans, Meiner, LIC=EPP74-FPCXZ-595GZ-J9DL9-WKZD0-EQBNS
 
Tool Versions:
Toolchain:       MDK-ARM Professional  Version: 5.26.2.0
Toolchain Path:  C:\KeilMDK\ARM\ARMCC\Bin
C Compiler:      Armcc.exe V5.06 update 6 (build 750)
Assembler:       Armasm.exe V5.06 update 6 (build 750)
Linker/Locator:  ArmLink.exe V5.06 update 6 (build 750)
Library Manager: ArmAr.exe V5.06 update 6 (build 750)
Hex Converter:   FromElf.exe V5.06 update 6 (build 750)
CPU DLL:         SARMCM3.DLL V5.26.2.0
Dialog DLL:      DCM.DLL V1.17.2.0
Target DLL:      STLink\ST-LINKIII-KEIL_SWO.dll V3.0.5.0
Dialog DLL:      TCM.DLL V1.36.1.0
 
<h2>Project:</h2>
C:\Users\b\Desktop\SensorTile_BLE_UART\Projects\SensorTile\Applications\BLE_SampleApp\MDK-ARM\Project.uvprojx
Project File Date:  05/16/2019

<h2>Output:</h2>
*** Using Compiler 'V5.06 update 6 (build 750)', folder: 'C:\KeilMDK\ARM\ARMCC\Bin'
Build target 'STM32L476JG_SensorTile'
compiling stm32l4xx_hal_msp.c...
compiling sensor_service.c...
..\Src\sensor_service.c(893): warning:  #177-D: variable "found_devices_cnt"  was declared but never referenced
  				uint8_t found_devices_cnt = (uint8_t) *(evt->data); /* evt->data[0] is number of reports (On BlueNRG-MS is always max 1!) */
..\Src\sensor_service.c(953): warning:  #177-D: variable "resp"  was declared but never referenced
  						evt_gatt_disc_read_char_by_uuid_resp *resp = (void*)blue_evt->data;
..\Src\sensor_service.c: 2 warnings, 0 errors
compiling main.c...
..\Src\main.c(351): warning:  #128-D: loop is not reachable
    while (1)
..\Src\main.c(733): warning:  #177-D: function "Init_BlueNRG_Custom_Services"  was declared but never referenced
  static void Init_BlueNRG_Custom_Services(void)
..\Src\main.c(617): warning:  #177-D: function "Init_BlueNRG_Stack"  was declared but never referenced
  static void Init_BlueNRG_Stack(void)
..\Src\main.c: 3 warnings, 0 errors
compiling stm32l4xx_it.c...
compiling TargetPlatform.c...
compiling usbd_cdc_interface.c...
compiling stm32l4xx_hal_exti.c...
compiling usbd_desc.c...
compiling usbd_conf.c...
compiling hci_tl_interface.c...
compiling mci_hw_gpio.c...
compiling mci_hw_timer.c...
assembling startup_stm32l476xx.s...
compiling hci_le.c...
compiling hci_tl.c...
compiling bluenrg_gap_aci.c...
compiling bluenrg_IFR.c...
..\..\..\..\..\Middlewares\ST\X-CUBE-BLE1_BlueNRG-MS\hci\controller\bluenrg_IFR.c(356): warning:  #1215-D: #warning directive: BLUENRG_CONFIG not valid
  #warning BLUENRG_CONFIG not valid
..\..\..\..\..\Middlewares\ST\X-CUBE-BLE1_BlueNRG-MS\hci\controller\bluenrg_IFR.c: 1 warning, 0 errors
compiling bluenrg_hal_aci.c...
compiling bluenrg_l2cap_aci.c...
compiling bluenrg_gatt_aci.c...
compiling ble_list.c...
compiling stm32l4xx_hal.c...
compiling bluenrg_utils_small.c...
compiling bluenrg_updater_aci.c...
compiling stm32l4xx_hal_adc.c...
compiling stm32l4xx_hal_adc_ex.c...
compiling stm32l4xx_hal_cortex.c...
compiling stm32l4xx_hal_crc_ex.c...
compiling stm32l4xx_hal_crc.c...
compiling stm32l4xx_hal_dma.c...
compiling stm32l4xx_hal_gpio.c...
compiling stm32l4xx_hal_flash_ex.c...
compiling stm32l4xx_hal_flash.c...
compiling stm32l4xx_hal_i2c_ex.c...
compiling stm32l4xx_hal_pwr.c...
compiling stm32l4xx_hal_i2c.c...
compiling stm32l4xx_hal_pwr_ex.c...
compiling stm32l4xx_hal_rcc.c...
compiling stm32l4xx_hal_rcc_ex.c...
compiling stm32l4xx_hal_spi.c...
compiling stm32l4xx_hal_rtc.c...
compiling stm32l4xx_hal_rtc_ex.c...
compiling stm32l4xx_hal_spi_ex.c...
compiling stm32l4xx_hal_tim_ex.c...
compiling stm32l4xx_hal_tim.c...
compiling stm32l4xx_hal_uart_ex.c...
compiling stm32l4xx_hal_pcd.c...
compiling stm32l4xx_hal_uart.c...
compiling stm32l4xx_hal_pcd_ex.c...
compiling system_stm32l4xx.c...
compiling hts221.c...
compiling hts221_reg.c...
compiling lps22hb.c...
compiling stm32l4xx_ll_usb.c...
compiling lps22hb_reg.c...
compiling SensorTile_env_sensors_ex.c...
compiling SensorTile_env_sensors.c...
compiling SensorTile.c...
compiling SensorTile_bus.c...
compiling usbd_cdc.c...
compiling usbd_core.c...
compiling usbd_ioreq.c...
compiling usbd_ctlreq.c...
linking...
Program Size: Code=38472 RO-data=504 RW-data=304 ZI-data=42456  
FromELF: creating hex file...
After Build - User command #1: C:\KeilMDK\\ARM\ARMCC\bin\fromelf.exe --bin --output=BLE_SampleApp.bin .\STM32L476RG_NUCLEO\BLE_SampleApp.axf
".\STM32L476RG_NUCLEO\BLE_SampleApp.axf" - 0 Error(s), 6 Warning(s).

<h2>Software Packages used:</h2>

Package Vendor: ARM
                http://www.keil.com/pack/ARM.CMSIS.5.4.0.pack
                ARM.CMSIS.5.4.0
                CMSIS (Cortex Microcontroller Software Interface Standard)
   * Component: CORE Version: 5.1.2

Package Vendor: Keil
                http://www.keil.com/pack/Keil.STM32L4xx_DFP.2.2.0.pack
                Keil.STM32L4xx_DFP.2.2.0
                STMicroelectronics STM32L4 Series Device Support, Drivers and Examples

<h2>Collection of Component include folders:</h2>
  .\RTE\_STM32L476JG_SensorTile
  C:\KeilMDK\ARM\PACK\ARM\CMSIS\5.4.0\CMSIS\Core\Include
  C:\KeilMDK\ARM\PACK\Keil\STM32L4xx_DFP\2.2.0\Drivers\CMSIS\Device\ST\STM32L4xx\Include

<h2>Collection of Component Files used:</h2>

   * Component: ARM::CMSIS:CORE:5.1.2
Build Time Elapsed:  00:02:02
</pre>
</body>
</html>
