Component: ARM Compiler 5.06 update 6 (build 750) Tool: armlink [4d35ed]

==============================================================================

Section Cross References

    main.o(i.HAL_Delay) refers to stm32l4xx_hal.o(i.HAL_GetTick) for HAL_GetTick
    main.o(i.HAL_TIM_OC_DelayElapsedCallback) refers to stm32l4xx_hal_tim.o(i.HAL_TIM_ReadCapturedValue) for HAL_TIM_ReadCapturedValue
    main.o(i.HAL_TIM_OC_DelayElapsedCallback) refers to main.o(.bss) for TimCCHandle
    main.o(i.HAL_TIM_OC_DelayElapsedCallback) refers to main.o(.data) for SendEnv
    main.o(i.HAL_TIM_PeriodElapsedCallback) refers to usbd_cdc_interface.o(i.CDC_TIM_PeriodElapsedCallback) for CDC_TIM_PeriodElapsedCallback
    main.o(i.HAL_TIM_PeriodElapsedCallback) refers to usbd_cdc_interface.o(.bss) for TimHandle
    main.o(i.InitTimers) refers to stm32l4xx_hal_tim.o(i.HAL_TIM_OC_Init) for HAL_TIM_OC_Init
    main.o(i.InitTimers) refers to main.o(i.Error_Handler) for Error_Handler
    main.o(i.InitTimers) refers to stm32l4xx_hal_tim.o(i.HAL_TIM_OC_ConfigChannel) for HAL_TIM_OC_ConfigChannel
    main.o(i.InitTimers) refers to system_stm32l4xx.o(.data) for SystemCoreClock
    main.o(i.InitTimers) refers to main.o(.bss) for TimCCHandle
    main.o(i.Init_BlueNRG_Custom_Services) refers to sensor_service.o(i.Add_HWServW2ST_Service) for Add_HWServW2ST_Service
    main.o(i.Init_BlueNRG_Custom_Services) refers to printf8.o(i.__0sprintf$8) for __2sprintf
    main.o(i.Init_BlueNRG_Custom_Services) refers to usbd_cdc_interface.o(i.CDC_Fill_Buffer) for CDC_Fill_Buffer
    main.o(i.Init_BlueNRG_Custom_Services) refers to sensor_service.o(i.Add_ConfigW2ST_Service) for Add_ConfigW2ST_Service
    main.o(i.Init_BlueNRG_Stack) refers to hci_tl.o(i.hci_init) for hci_init
    main.o(i.Init_BlueNRG_Stack) refers to bluenrg_utils_small.o(i.getBlueNRGVersion) for getBlueNRGVersion
    main.o(i.Init_BlueNRG_Stack) refers to bluenrg_gatt_aci.o(i.aci_gatt_init) for aci_gatt_init
    main.o(i.Init_BlueNRG_Stack) refers to printf8.o(i.__0sprintf$8) for __2sprintf
    main.o(i.Init_BlueNRG_Stack) refers to usbd_cdc_interface.o(i.CDC_Fill_Buffer) for CDC_Fill_Buffer
    main.o(i.Init_BlueNRG_Stack) refers to bluenrg_gap_aci.o(i.aci_gap_init_IDB05A1) for aci_gap_init_IDB05A1
    main.o(i.Init_BlueNRG_Stack) refers to hci_le.o(i.hci_le_set_random_address) for hci_le_set_random_address
    main.o(i.Init_BlueNRG_Stack) refers to bluenrg_gatt_aci.o(i.aci_gatt_update_char_value) for aci_gatt_update_char_value
    main.o(i.Init_BlueNRG_Stack) refers to bluenrg_gap_aci.o(i.aci_gap_set_auth_requirement) for aci_gap_set_auth_requirement
    main.o(i.Init_BlueNRG_Stack) refers to bluenrg_hal_aci.o(i.aci_hal_set_tx_power_level) for aci_hal_set_tx_power_level
    main.o(i.Init_BlueNRG_Stack) refers to sensor_service.o(i.HCI_Event_CB) for HCI_Event_CB
    main.o(i.Init_BlueNRG_Stack) refers to main.o(.data) for bdaddr
    main.o(i.Init_BlueNRG_Stack) refers to main.o(.conststring) for .conststring
    main.o(i.SendEnvironmentalData) refers to printf8.o(i.__0sprintf$8) for __2sprintf
    main.o(i.SendEnvironmentalData) refers to sensor_service.o(i.Term_Update) for Term_Update
    main.o(i.SendEnvironmentalData) refers to usbd_cdc_interface.o(i.CDC_Fill_Buffer) for CDC_Fill_Buffer
    main.o(i.SendEnvironmentalData) refers to sensortile_env_sensors.o(i.BSP_ENV_SENSOR_GetValue) for BSP_ENV_SENSOR_GetValue
    main.o(i.SendEnvironmentalData) refers to sensor_service.o(i.Environmental_Update) for Environmental_Update
    main.o(i.SendEnvironmentalData) refers to main.o(.data) for ConnectionBleStatus
    main.o(i.SendEnvironmentalData) refers to main.o(.bss) for BufferToWrite
    main.o(i.SendEnvironmentalData) refers to targetplatform.o(.bss) for TargetBoardFeatures
    main.o(i.SystemClock_Config) refers to memseta.o(.text) for __aeabi_memclr4
    main.o(i.SystemClock_Config) refers to stm32l4xx_hal_pwr.o(i.HAL_PWR_EnableBkUpAccess) for HAL_PWR_EnableBkUpAccess
    main.o(i.SystemClock_Config) refers to stm32l4xx_hal_rcc.o(i.HAL_RCC_OscConfig) for HAL_RCC_OscConfig
    main.o(i.SystemClock_Config) refers to stm32l4xx_hal_rcc_ex.o(i.HAL_RCCEx_DisableLSECSS) for HAL_RCCEx_DisableLSECSS
    main.o(i.SystemClock_Config) refers to stm32l4xx_hal_rcc_ex.o(i.HAL_RCCEx_EnableMSIPLLMode) for HAL_RCCEx_EnableMSIPLLMode
    main.o(i.SystemClock_Config) refers to stm32l4xx_hal_rcc_ex.o(i.HAL_RCCEx_PeriphCLKConfig) for HAL_RCCEx_PeriphCLKConfig
    main.o(i.SystemClock_Config) refers to stm32l4xx_hal_rcc.o(i.HAL_RCC_ClockConfig) for HAL_RCC_ClockConfig
    main.o(i.TIM3_IRQHandler) refers to bluenrg_gatt_aci.o(i.aci_gatt_update_char_value) for aci_gatt_update_char_value
    main.o(i.TIM3_IRQHandler) refers to main.o(.data) for led_toggle_delay
    main.o(i.TIM3_IRQHandler) refers to main.o(.bss) for bud
    main.o(i.init_blue_nrg_ms_stack) refers to mci_hw_timer.o(i.init_tim3) for init_tim3
    main.o(i.init_blue_nrg_ms_stack) refers to mci_hw_gpio.o(i.init_gpio_leds) for init_gpio_leds
[...]
    WWDG_IRQHandler                          0x080001b7   Thumb Code     0  startup_stm32l476xx.o(.text)
    __aeabi_memcpy                           0x080001c1   Thumb Code    36  memcpya.o(.text)
    __aeabi_memcpy4                          0x080001c1   Thumb Code     0  memcpya.o(.text)
    __aeabi_memcpy8                          0x080001c1   Thumb Code     0  memcpya.o(.text)
    __aeabi_memset                           0x080001e5   Thumb Code    14  memseta.o(.text)
    __aeabi_memset4                          0x080001e5   Thumb Code     0  memseta.o(.text)
    __aeabi_memset8                          0x080001e5   Thumb Code     0  memseta.o(.text)
    __aeabi_memclr                           0x080001f3   Thumb Code     4  memseta.o(.text)
    __aeabi_memclr4                          0x080001f3   Thumb Code     0  memseta.o(.text)
    __aeabi_memclr8                          0x080001f3   Thumb Code     0  memseta.o(.text)
    _memset$wrapper                          0x080001f7   Thumb Code    18  memseta.o(.text)
    __aeabi_uldivmod                         0x08000209   Thumb Code    98  uldiv.o(.text)
    __scatterload                            0x08000271   Thumb Code    28  init.o(.text)
    __scatterload_rt2                        0x08000271   Thumb Code     0  init.o(.text)
    __aeabi_llsl                             0x08000295   Thumb Code    30  llshl.o(.text)
    _ll_shift_l                              0x08000295   Thumb Code     0  llshl.o(.text)
    __aeabi_llsr                             0x080002b3   Thumb Code    32  llushr.o(.text)
    _ll_ushift_r                             0x080002b3   Thumb Code     0  llushr.o(.text)
    __decompress                             0x080002d3   Thumb Code     0  __dczerorl2.o(.text)
    __decompress1                            0x080002d3   Thumb Code    86  __dczerorl2.o(.text)
    BSP_ENV_SENSOR_Enable                    0x08000329   Thumb Code    78  sensortile_env_sensors.o(i.BSP_ENV_SENSOR_Enable)
    BSP_ENV_SENSOR_GetValue                  0x08000389   Thumb Code    86  sensortile_env_sensors.o(i.BSP_ENV_SENSOR_GetValue)
    BSP_ENV_SENSOR_Init                      0x080003f1   Thumb Code   278  sensortile_env_sensors.o(i.BSP_ENV_SENSOR_Init)
    BSP_GetTick                              0x08000519   Thumb Code     8  sensortile_bus.o(i.BSP_GetTick)
    BSP_I2C3_DeInit                          0x08000521   Thumb Code    26  sensortile_bus.o(i.BSP_I2C3_DeInit)
    BSP_I2C3_Init                            0x08000541   Thumb Code    44  sensortile_bus.o(i.BSP_I2C3_Init)
    BSP_I2C3_ReadReg                         0x08000575   Thumb Code    50  sensortile_bus.o(i.BSP_I2C3_ReadReg)
    BSP_I2C3_WriteReg                        0x080005b5   Thumb Code    50  sensortile_bus.o(i.BSP_I2C3_WriteReg)
    BSP_LED_Init                             0x080005f5   Thumb Code   140  sensortile.o(i.BSP_LED_Init)
    BSP_SPI1_Init                            0x080007f5   Thumb Code    40  sensortile_bus.o(i.BSP_SPI1_Init)
    BSP_SPI1_SendRecv                        0x08000825   Thumb Code    38  sensortile_bus.o(i.BSP_SPI1_SendRecv)
    BSP_SPI2_DeInit                          0x08000851   Thumb Code    26  sensortile_bus.o(i.BSP_SPI2_DeInit)
    BSP_SPI2_Init                            0x08000871   Thumb Code    40  sensortile_bus.o(i.BSP_SPI2_Init)
    BSP_SPI2_Send                            0x080008a1   Thumb Code    32  sensortile_bus.o(i.BSP_SPI2_Send)
    BusFault_Handler                         0x080008c5   Thumb Code     4  stm32l4xx_it.o(i.BusFault_Handler)
    CDC_Fill_Buffer                          0x080008c9   Thumb Code    46  usbd_cdc_interface.o(i.CDC_Fill_Buffer)
    CDC_TIM_PeriodElapsedCallback            0x08000a49   Thumb Code    98  usbd_cdc_interface.o(i.CDC_TIM_PeriodElapsedCallback)
    DebugMon_Handler                         0x08000abd   Thumb Code     2  stm32l4xx_it.o(i.DebugMon_Handler)
    EXTI9_5_IRQHandler                       0x08000ac1   Thumb Code    10  stm32l4xx_it.o(i.EXTI9_5_IRQHandler)
    Environmental_Update                     0x08000ad1   Thumb Code   254  sensor_service.o(i.Environmental_Update)
    Error_Handler                            0x08000c11   Thumb Code     4  main.o(i.Error_Handler)
    HAL_DMA_Abort_IT                         0x08000c69   Thumb Code    88  stm32l4xx_hal_dma.o(i.HAL_DMA_Abort_IT)
    HAL_Delay                                0x08000cc1   Thumb Code    28  main.o(i.HAL_Delay)
    HAL_EXTI_GetHandle                       0x08000cdd   Thumb Code    14  stm32l4xx_hal_exti.o(i.HAL_EXTI_GetHandle)
    HAL_EXTI_IRQHandler                      0x08000ced   Thumb Code    46  stm32l4xx_hal_exti.o(i.HAL_EXTI_IRQHandler)
    HAL_EXTI_RegisterCallback                0x08000d21   Thumb Code    40  stm32l4xx_hal_exti.o(i.HAL_EXTI_RegisterCallback)
    HAL_GPIO_DeInit                          0x08000d49   Thumb Code   296  stm32l4xx_hal_gpio.o(i.HAL_GPIO_DeInit)
    HAL_GPIO_Init                            0x08000e91   Thumb Code   484  stm32l4xx_hal_gpio.o(i.HAL_GPIO_Init)
    HAL_GPIO_ReadPin                         0x08001099   Thumb Code    16  stm32l4xx_hal_gpio.o(i.HAL_GPIO_ReadPin)
    HAL_GPIO_WritePin                        0x080010a9   Thumb Code    10  stm32l4xx_hal_gpio.o(i.HAL_GPIO_WritePin)
    HAL_GetTick                              0x080010b5   Thumb Code     6  stm32l4xx_hal.o(i.HAL_GetTick)
    HAL_I2C_AbortCpltCallback                0x080010c1   Thumb Code     2  stm32l4xx_hal_i2c.o(i.HAL_I2C_AbortCpltCallback)
    HAL_I2C_AddrCallback                     0x080010c3   Thumb Code     2  stm32l4xx_hal_i2c.o(i.HAL_I2C_AddrCallback)
    HAL_I2C_DeInit                           0x080010c5   Thumb Code    60  stm32l4xx_hal_i2c.o(i.HAL_I2C_DeInit)
    HAL_I2C_ER_IRQHandler                    0x08001101   Thumb Code   114  stm32l4xx_hal_i2c.o(i.HAL_I2C_ER_IRQHandler)
    HAL_I2C_EV_IRQHandler                    0x08001173   Thumb Code    28  stm32l4xx_hal_i2c.o(i.HAL_I2C_EV_IRQHandler)
    HAL_I2C_ErrorCallback                    0x0800118f   Thumb Code     2  stm32l4xx_hal_i2c.o(i.HAL_I2C_ErrorCallback)
    HAL_I2C_GetState                         0x08001191   Thumb Code     8  stm32l4xx_hal_i2c.o(i.HAL_I2C_GetState)
    HAL_I2C_Init                             0x08001199   Thumb Code   192  stm32l4xx_hal_i2c.o(i.HAL_I2C_Init)
    HAL_I2C_ListenCpltCallback               0x0800125d   Thumb Code     2  stm32l4xx_hal_i2c.o(i.HAL_I2C_ListenCpltCallback)
    HAL_I2C_Mem_Read                         0x08001261   Thumb Code   434  stm32l4xx_hal_i2c.o(i.HAL_I2C_Mem_Read)
    HAL_I2C_Mem_Write                        0x08001425   Thumb Code   436  stm32l4xx_hal_i2c.o(i.HAL_I2C_Mem_Write)
    HAL_I2C_MspDeInit                        0x080015e3   Thumb Code     2  stm32l4xx_hal_i2c.o(i.HAL_I2C_MspDeInit)
    HAL_I2C_MspInit                          0x080015e5   Thumb Code     2  stm32l4xx_hal_i2c.o(i.HAL_I2C_MspInit)
    HAL_I2C_SlaveRxCpltCallback              0x080015e7   Thumb Code     2  stm32l4xx_hal_i2c.o(i.HAL_I2C_SlaveRxCpltCallback)
    HAL_I2C_SlaveTxCpltCallback              0x080015e9   Thumb Code     2  stm32l4xx_hal_i2c.o(i.HAL_I2C_SlaveTxCpltCallback)
    HAL_IncTick                              0x080015ed   Thumb Code    12  stm32l4xx_hal.o(i.HAL_IncTick)
    HAL_Init                                 0x080015fd   Thumb Code    22  stm32l4xx_hal.o(i.HAL_Init)
    HAL_InitTick                             0x08001615   Thumb Code    36  stm32l4xx_hal.o(i.HAL_InitTick)
    HAL_MspInit                              0x0800163d   Thumb Code     2  stm32l4xx_hal.o(i.HAL_MspInit)
    HAL_NVIC_DisableIRQ                      0x08001641   Thumb Code    22  stm32l4xx_hal_cortex.o(i.HAL_NVIC_DisableIRQ)
    HAL_NVIC_EnableIRQ                       0x0800165d   Thumb Code    26  stm32l4xx_hal_cortex.o(i.HAL_NVIC_EnableIRQ)
    HAL_NVIC_SetPriority                     0x08001677   Thumb Code   124  stm32l4xx_hal_cortex.o(i.HAL_NVIC_SetPriority)
    HAL_NVIC_SetPriorityGrouping             0x080016f9   Thumb Code    32  stm32l4xx_hal_cortex.o(i.HAL_NVIC_SetPriorityGrouping)
    HAL_PCDEx_LPM_Callback                   0x08001721   Thumb Code     2  stm32l4xx_hal_pcd_ex.o(i.HAL_PCDEx_LPM_Callback)
    HAL_PCD_ConnectCallback                  0x08001723   Thumb Code    14  usbd_conf.o(i.HAL_PCD_ConnectCallback)
    HAL_PCD_DataInStageCallback              0x08001731   Thumb Code    32  usbd_conf.o(i.HAL_PCD_DataInStageCallback)
    HAL_PCD_DataOutStageCallback             0x08001751   Thumb Code    32  usbd_conf.o(i.HAL_PCD_DataOutStageCallback)
    HAL_PCD_DisconnectCallback               0x08001771   Thumb Code    14  usbd_conf.o(i.HAL_PCD_DisconnectCallback)
    HAL_PCD_EP_ClrStall                      0x0800177f   Thumb Code   106  stm32l4xx_hal_pcd.o(i.HAL_PCD_EP_ClrStall)
    HAL_PCD_EP_Open                          0x080017e9   Thumb Code   126  stm32l4xx_hal_pcd.o(i.HAL_PCD_EP_Open)
    HAL_PCD_EP_Receive                       0x08001867   Thumb Code    82  stm32l4xx_hal_pcd.o(i.HAL_PCD_EP_Receive)
    HAL_PCD_EP_SetStall                      0x080018b9   Thumb Code   124  stm32l4xx_hal_pcd.o(i.HAL_PCD_EP_SetStall)
    HAL_PCD_EP_Transmit                      0x08001935   Thumb Code    84  stm32l4xx_hal_pcd.o(i.HAL_PCD_EP_Transmit)
    HAL_PCD_IRQHandler                       0x08001989   Thumb Code  1888  stm32l4xx_hal_pcd.o(i.HAL_PCD_IRQHandler)
    HAL_PCD_ISOINIncompleteCallback          0x08002117   Thumb Code    18  usbd_conf.o(i.HAL_PCD_ISOINIncompleteCallback)
    HAL_PCD_ISOOUTIncompleteCallback         0x08002129   Thumb Code    18  usbd_conf.o(i.HAL_PCD_ISOOUTIncompleteCallback)
    HAL_PCD_ResetCallback                    0x0800213b   Thumb Code    24  usbd_conf.o(i.HAL_PCD_ResetCallback)
    HAL_PCD_ResumeCallback                   0x08002153   Thumb Code    14  usbd_conf.o(i.HAL_PCD_ResumeCallback)
    HAL_PCD_SOFCallback                      0x08002161   Thumb Code    14  usbd_conf.o(i.HAL_PCD_SOFCallback)
    HAL_PCD_SetAddress                       0x0800216f   Thumb Code    54  stm32l4xx_hal_pcd.o(i.HAL_PCD_SetAddress)
    HAL_PCD_SetupStageCallback               0x080021a5   Thumb Code    18  usbd_conf.o(i.HAL_PCD_SetupStageCallback)
    HAL_PCD_SuspendCallback                  0x080021b7   Thumb Code    14  usbd_conf.o(i.HAL_PCD_SuspendCallback)
    HAL_PWREx_EnableVddIO2                   0x080021c5   Thumb Code    14  stm32l4xx_hal_pwr_ex.o(i.HAL_PWREx_EnableVddIO2)
    HAL_PWREx_GetVoltageRange                0x080021d9   Thumb Code    10  stm32l4xx_hal_pwr_ex.o(i.HAL_PWREx_GetVoltageRange)
    HAL_PWR_EnableBkUpAccess                 0x080021e9   Thumb Code    14  stm32l4xx_hal_pwr.o(i.HAL_PWR_EnableBkUpAccess)
    HAL_RCCEx_DisableLSECSS                  0x080021fd   Thumb Code    28  stm32l4xx_hal_rcc_ex.o(i.HAL_RCCEx_DisableLSECSS)
    HAL_RCCEx_EnableMSIPLLMode               0x0800221d   Thumb Code    14  stm32l4xx_hal_rcc_ex.o(i.HAL_RCCEx_EnableMSIPLLMode)
    HAL_RCCEx_PeriphCLKConfig                0x08002231   Thumb Code  1230  stm32l4xx_hal_rcc_ex.o(i.HAL_RCCEx_PeriphCLKConfig)
    HAL_RCC_ClockConfig                      0x08002705   Thumb Code   458  stm32l4xx_hal_rcc.o(i.HAL_RCC_ClockConfig)
    HAL_RCC_GetHCLKFreq                      0x080028e1   Thumb Code     6  stm32l4xx_hal_rcc.o(i.HAL_RCC_GetHCLKFreq)
    HAL_RCC_GetSysClockFreq                  0x080028ed   Thumb Code   252  stm32l4xx_hal_rcc.o(i.HAL_RCC_GetSysClockFreq)
    HAL_RCC_OscConfig                        0x080029f9   Thumb Code  1558  stm32l4xx_hal_rcc.o(i.HAL_RCC_OscConfig)
    HAL_SPI_DeInit                           0x0800301d   Thumb Code    54  stm32l4xx_hal_spi.o(i.HAL_SPI_DeInit)
    HAL_SPI_GetState                         0x08003053   Thumb Code     8  stm32l4xx_hal_spi.o(i.HAL_SPI_GetState)
    HAL_SPI_Init                             0x0800305b   Thumb Code   192  stm32l4xx_hal_spi.o(i.HAL_SPI_Init)
    HAL_SPI_MspDeInit                        0x0800311b   Thumb Code     2  stm32l4xx_hal_spi.o(i.HAL_SPI_MspDeInit)
    HAL_SPI_MspInit                          0x0800311d   Thumb Code     2  stm32l4xx_hal_spi.o(i.HAL_SPI_MspInit)
    HAL_SPI_Transmit                         0x0800311f   Thumb Code   440  stm32l4xx_hal_spi.o(i.HAL_SPI_Transmit)
    HAL_SPI_TransmitReceive                  0x080032d7   Thumb Code   644  stm32l4xx_hal_spi.o(i.HAL_SPI_TransmitReceive)
    HAL_SYSTICK_Callback                     0x08003561   Thumb Code     2  stm32l4xx_hal_cortex.o(i.HAL_SYSTICK_Callback)
    HAL_SYSTICK_Config                       0x08003563   Thumb Code    52  stm32l4xx_hal_cortex.o(i.HAL_SYSTICK_Config)
    HAL_SYSTICK_IRQHandler                   0x08003597   Thumb Code     8  stm32l4xx_hal_cortex.o(i.HAL_SYSTICK_IRQHandler)
    HAL_TIMEx_BreakCallback                  0x0800359f   Thumb Code     2  stm32l4xx_hal_tim_ex.o(i.HAL_TIMEx_BreakCallback)
    HAL_TIMEx_CommutationCallback            0x080035a1   Thumb Code     2  stm32l4xx_hal_tim_ex.o(i.HAL_TIMEx_CommutationCallback)
    HAL_TIM_Base_Init                        0x080035a3   Thumb Code    52  stm32l4xx_hal_tim.o(i.HAL_TIM_Base_Init)
    HAL_TIM_Base_MspInit                     0x080035d9   Thumb Code   112  stm32l4xx_hal_msp.o(i.HAL_TIM_Base_MspInit)
    HAL_TIM_Base_Start_IT                    0x08003655   Thumb Code    30  stm32l4xx_hal_tim.o(i.HAL_TIM_Base_Start_IT)
    HAL_TIM_IC_CaptureCallback               0x08003673   Thumb Code     2  stm32l4xx_hal_tim.o(i.HAL_TIM_IC_CaptureCallback)
    HAL_TIM_IRQHandler                       0x08003675   Thumb Code   406  stm32l4xx_hal_tim.o(i.HAL_TIM_IRQHandler)
    HAL_TIM_OC_ConfigChannel                 0x0800380b   Thumb Code   148  stm32l4xx_hal_tim.o(i.HAL_TIM_OC_ConfigChannel)
    HAL_TIM_OC_DelayElapsedCallback          0x080038a1   Thumb Code    42  main.o(i.HAL_TIM_OC_DelayElapsedCallback)
    HAL_TIM_OC_Init                          0x080038d5   Thumb Code    52  stm32l4xx_hal_tim.o(i.HAL_TIM_OC_Init)
    HAL_TIM_OC_MspInit                       0x08003909   Thumb Code    50  stm32l4xx_hal_msp.o(i.HAL_TIM_OC_MspInit)
    HAL_TIM_OC_Stop_IT                       0x08003941   Thumb Code   220  stm32l4xx_hal_tim.o(i.HAL_TIM_OC_Stop_IT)
    HAL_TIM_PWM_PulseFinishedCallback        0x08003a31   Thumb Code     2  stm32l4xx_hal_tim.o(i.HAL_TIM_PWM_PulseFinishedCallback)
    HAL_TIM_PeriodElapsedCallback            0x08003a35   Thumb Code    18  main.o(i.HAL_TIM_PeriodElapsedCallback)
    HAL_TIM_ReadCapturedValue                0x08003a4d   Thumb Code    84  stm32l4xx_hal_tim.o(i.HAL_TIM_ReadCapturedValue)
    HAL_TIM_TriggerCallback                  0x08003aa1   Thumb Code     2  stm32l4xx_hal_tim.o(i.HAL_TIM_TriggerCallback)
    HCI_Event_CB                             0x08003aa5   Thumb Code   284  sensor_service.o(i.HCI_Event_CB)
    HCI_TL_SPI_DeInit                        0x08003bc9   Thumb Code    30  hci_tl_interface.o(i.HCI_TL_SPI_DeInit)
    HCI_TL_SPI_Init                          0x08003bf5   Thumb Code   180  hci_tl_interface.o(i.HCI_TL_SPI_Init)
    HCI_TL_SPI_Receive                       0x08003cbd   Thumb Code   116  hci_tl_interface.o(i.HCI_TL_SPI_Receive)
    HCI_TL_SPI_Reset                         0x08003d3d   Thumb Code    38  hci_tl_interface.o(i.HCI_TL_SPI_Reset)
    HCI_TL_SPI_Send                          0x08003d69   Thumb Code   124  hci_tl_interface.o(i.HCI_TL_SPI_Send)
    HTS221_DeInit                            0x08003f15   Thumb Code    50  hts221.o(i.HTS221_DeInit)
    HTS221_GetCapabilities                   0x08003f49   Thumb Code    44  hts221.o(i.HTS221_GetCapabilities)
    HTS221_HUM_Disable                       0x08003fdd   Thumb Code    48  hts221.o(i.HTS221_HUM_Disable)
    HTS221_HUM_Enable                        0x0800400d   Thumb Code    50  hts221.o(i.HTS221_HUM_Enable)
    HTS221_HUM_GetHumidity                   0x08004041   Thumb Code   246  hts221.o(i.HTS221_HUM_GetHumidity)
    HTS221_HUM_GetOutputDataRate             0x08004141   Thumb Code    16  hts221.o(i.HTS221_HUM_GetOutputDataRate)
    HTS221_HUM_SetOutputDataRate             0x08004151   Thumb Code    28  hts221.o(i.HTS221_HUM_SetOutputDataRate)
    HTS221_Init                              0x0800416d   Thumb Code    34  hts221.o(i.HTS221_Init)
    HTS221_ReadID                            0x080041cd   Thumb Code    28  hts221.o(i.HTS221_ReadID)
    HTS221_RegisterBusIO                     0x080041e9   Thumb Code    68  hts221.o(i.HTS221_RegisterBusIO)
    HTS221_TEMP_Disable                      0x08004283   Thumb Code    48  hts221.o(i.HTS221_TEMP_Disable)
    HTS221_TEMP_Enable                       0x080042b3   Thumb Code    50  hts221.o(i.HTS221_TEMP_Enable)
    HTS221_TEMP_GetOutputDataRate            0x080042e5   Thumb Code    16  hts221.o(i.HTS221_TEMP_GetOutputDataRate)
    HTS221_TEMP_GetTemperature               0x080042f5   Thumb Code   198  hts221.o(i.HTS221_TEMP_GetTemperature)
    HTS221_TEMP_SetOutputDataRate            0x080043bb   Thumb Code    28  hts221.o(i.HTS221_TEMP_SetOutputDataRate)
    HardFault_Handler                        0x080043d7   Thumb Code     4  stm32l4xx_it.o(i.HardFault_Handler)
    I2C3_ER_IRQHandler                       0x080043dd   Thumb Code    10  stm32l4xx_it.o(i.I2C3_ER_IRQHandler)
    I2C3_EV_IRQHandler                       0x080043ed   Thumb Code    10  stm32l4xx_it.o(i.I2C3_EV_IRQHandler)
    InitTargetPlatform                       0x08004dcd   Thumb Code    68  targetplatform.o(i.InitTargetPlatform)
    LED_Update                               0x080050d5   Thumb Code   122  sensor_service.o(i.LED_Update)
    LPS22HB_DeInit                           0x080052f5   Thumb Code    50  lps22hb.o(i.LPS22HB_DeInit)
    LPS22HB_GetCapabilities                  0x08005329   Thumb Code    42  lps22hb.o(i.LPS22HB_GetCapabilities)
    LPS22HB_Init                             0x080053dd   Thumb Code    34  lps22hb.o(i.LPS22HB_Init)
    LPS22HB_PRESS_Disable                    0x0800547d   Thumb Code    68  lps22hb.o(i.LPS22HB_PRESS_Disable)
    LPS22HB_PRESS_Enable                     0x080054c1   Thumb Code    46  lps22hb.o(i.LPS22HB_PRESS_Enable)
    LPS22HB_PRESS_GetOutputDataRate          0x080054ef   Thumb Code    16  lps22hb.o(i.LPS22HB_PRESS_GetOutputDataRate)
    LPS22HB_PRESS_GetPressure                0x08005501   Thumb Code    52  lps22hb.o(i.LPS22HB_PRESS_GetPressure)
    LPS22HB_PRESS_SetOutputDataRate          0x08005539   Thumb Code    48  lps22hb.o(i.LPS22HB_PRESS_SetOutputDataRate)
    LPS22HB_ReadID                           0x08005569   Thumb Code    28  lps22hb.o(i.LPS22HB_ReadID)
    LPS22HB_RegisterBusIO                    0x08005585   Thumb Code   112  lps22hb.o(i.LPS22HB_RegisterBusIO)
    LPS22HB_TEMP_Disable                     0x08005759   Thumb Code    68  lps22hb.o(i.LPS22HB_TEMP_Disable)
    LPS22HB_TEMP_Enable                      0x0800579d   Thumb Code    46  lps22hb.o(i.LPS22HB_TEMP_Enable)
    LPS22HB_TEMP_GetOutputDataRate           0x080057cb   Thumb Code    16  lps22hb.o(i.LPS22HB_TEMP_GetOutputDataRate)
    LPS22HB_TEMP_GetTemperature              0x080057dd   Thumb Code    56  lps22hb.o(i.LPS22HB_TEMP_GetTemperature)
    LPS22HB_TEMP_SetOutputDataRate           0x08005819   Thumb Code    48  lps22hb.o(i.LPS22HB_TEMP_SetOutputDataRate)
    LPS22HB_Write_Reg                        0x08005849   Thumb Code    32  lps22hb.o(i.LPS22HB_Write_Reg)
    MX_I2C3_Init                             0x080058ad   Thumb Code    36  sensortile_bus.o(i.MX_I2C3_Init)
    MX_SPI1_Init                             0x080058d9   Thumb Code    76  sensortile_bus.o(i.MX_SPI1_Init)
    MX_SPI2_Init                             0x08005929   Thumb Code   112  sensortile_bus.o(i.MX_SPI2_Init)
    MemManage_Handler                        0x0800599d   Thumb Code     4  stm32l4xx_it.o(i.MemManage_Handler)
    NMI_Handler                              0x080059a1   Thumb Code     2  stm32l4xx_it.o(i.NMI_Handler)
    OTG_FS_IRQHandler                        0x080059f1   Thumb Code    10  stm32l4xx_it.o(i.OTG_FS_IRQHandler)
    PendSV_Handler                           0x08005abb   Thumb Code     2  stm32l4xx_it.o(i.PendSV_Handler)
    Read_Request_CB                          0x08005edd   Thumb Code   484  sensor_service.o(i.Read_Request_CB)
    SVC_Handler                              0x08006391   Thumb Code     2  stm32l4xx_it.o(i.SVC_Handler)
    Stderr_Update                            0x08006395   Thumb Code    96  sensor_service.o(i.Stderr_Update)
    SysTick_Handler                          0x08006439   Thumb Code    12  stm32l4xx_it.o(i.SysTick_Handler)
    SystemInit                               0x0800650d   Thumb Code    68  system_stm32l4xx.o(i.SystemInit)
    TIM1_CC_IRQHandler                       0x0800655d   Thumb Code    10  stm32l4xx_it.o(i.TIM1_CC_IRQHandler)
    TIM3_IRQHandler                          0x0800656d   Thumb Code   220  main.o(i.TIM3_IRQHandler)
    TIM_Base_SetConfig                       0x08006669   Thumb Code   168  stm32l4xx_hal_tim.o(i.TIM_Base_SetConfig)
    TIM_CCxChannelCmd                        0x08006731   Thumb Code    28  stm32l4xx_hal_tim.o(i.TIM_CCxChannelCmd)
    TIM_OC2_SetConfig                        0x080067fd   Thumb Code   162  stm32l4xx_hal_tim.o(i.TIM_OC2_SetConfig)
    USBD_CDC_SetRxBuffer                     0x08006b75   Thumb Code    14  usbd_cdc.o(i.USBD_CDC_SetRxBuffer)
    USBD_CDC_SetTxBuffer                     0x08006b83   Thumb Code    20  usbd_cdc.o(i.USBD_CDC_SetTxBuffer)
    USBD_CDC_TransmitPacket                  0x08006b97   Thumb Code    62  usbd_cdc.o(i.USBD_CDC_TransmitPacket)
    USBD_ClrClassConfig                      0x08006bd5   Thumb Code    22  usbd_core.o(i.USBD_ClrClassConfig)
    USBD_CtlContinueRx                       0x08006c29   Thumb Code    24  usbd_ioreq.o(i.USBD_CtlContinueRx)
    USBD_CtlContinueSendData                 0x08006c41   Thumb Code    24  usbd_ioreq.o(i.USBD_CtlContinueSendData)
    USBD_CtlError                            0x08006c59   Thumb Code    24  usbd_ctlreq.o(i.USBD_CtlError)
    USBD_CtlReceiveStatus                    0x08006c71   Thumb Code    26  usbd_ioreq.o(i.USBD_CtlReceiveStatus)
    USBD_CtlSendData                         0x08006c8b   Thumb Code    34  usbd_ioreq.o(i.USBD_CtlSendData)
    USBD_CtlSendStatus                       0x08006cad   Thumb Code    26  usbd_ioreq.o(i.USBD_CtlSendStatus)
    USBD_LL_ClearStallEP                     0x08006ec9   Thumb Code    20  usbd_conf.o(i.USBD_LL_ClearStallEP)
    USBD_LL_DataInStage                      0x08006edd   Thumb Code   256  usbd_core.o(i.USBD_LL_DataInStage)
    USBD_LL_DataOutStage                     0x08006fdd   Thumb Code   166  usbd_core.o(i.USBD_LL_DataOutStage)
    USBD_LL_DevConnected                     0x08007083   Thumb Code     6  usbd_core.o(i.USBD_LL_DevConnected)
    USBD_LL_DevDisconnected                  0x08007089   Thumb Code    26  usbd_core.o(i.USBD_LL_DevDisconnected)
    USBD_LL_IsStallEP                        0x080070a3   Thumb Code    56  usbd_conf.o(i.USBD_LL_IsStallEP)
    USBD_LL_IsoINIncomplete                  0x080070db   Thumb Code     6  usbd_core.o(i.USBD_LL_IsoINIncomplete)
    USBD_LL_IsoOUTIncomplete                 0x080070e1   Thumb Code     6  usbd_core.o(i.USBD_LL_IsoOUTIncomplete)
    USBD_LL_OpenEP                           0x080070e7   Thumb Code    32  usbd_conf.o(i.USBD_LL_OpenEP)
    USBD_LL_PrepareReceive                   0x08007107   Thumb Code    32  usbd_conf.o(i.USBD_LL_PrepareReceive)
    USBD_LL_Reset                            0x08007127   Thumb Code    92  usbd_core.o(i.USBD_LL_Reset)
    USBD_LL_Resume                           0x08007183   Thumb Code    14  usbd_core.o(i.USBD_LL_Resume)
    USBD_LL_SOF                              0x08007191   Thumb Code    34  usbd_core.o(i.USBD_LL_SOF)
    USBD_LL_SetSpeed                         0x080071b3   Thumb Code     8  usbd_core.o(i.USBD_LL_SetSpeed)
    USBD_LL_SetUSBAddress                    0x080071bb   Thumb Code    20  usbd_conf.o(i.USBD_LL_SetUSBAddress)
    USBD_LL_SetupStage                       0x080071cf   Thumb Code   110  usbd_core.o(i.USBD_LL_SetupStage)
    USBD_LL_StallEP                          0x0800723d   Thumb Code    20  usbd_conf.o(i.USBD_LL_StallEP)
    USBD_LL_Suspend                          0x08007251   Thumb Code    20  usbd_core.o(i.USBD_LL_Suspend)
    USBD_LL_Transmit                         0x08007265   Thumb Code    32  usbd_conf.o(i.USBD_LL_Transmit)
    USBD_ParseSetupRequest                   0x08007285   Thumb Code    40  usbd_ctlreq.o(i.USBD_ParseSetupRequest)
    USBD_RunTestMode                         0x080072ad   Thumb Code     6  usbd_core.o(i.USBD_RunTestMode)
    USBD_SetClassConfig                      0x0800730d   Thumb Code    34  usbd_core.o(i.USBD_SetClassConfig)
    USBD_StdDevReq                           0x08007431   Thumb Code   162  usbd_ctlreq.o(i.USBD_StdDevReq)
    USBD_StdEPReq                            0x080074d3   Thumb Code   568  usbd_ctlreq.o(i.USBD_StdEPReq)
    USBD_StdItfReq                           0x0800770b   Thumb Code   126  usbd_ctlreq.o(i.USBD_StdItfReq)
    USB_ActivateEndpoint                     0x08007789   Thumb Code   192  stm32l4xx_ll_usb.o(i.USB_ActivateEndpoint)
    USB_ActivateSetup                        0x0800784d   Thumb Code    68  stm32l4xx_ll_usb.o(i.USB_ActivateSetup)
    USB_EP0StartXfer                         0x08007891   Thumb Code   384  stm32l4xx_ll_usb.o(i.USB_EP0StartXfer)
    USB_EP0_OutStart                         0x08007a15   Thumb Code    50  stm32l4xx_ll_usb.o(i.USB_EP0_OutStart)
    USB_EPClearStall                         0x08007a47   Thumb Code   136  stm32l4xx_ll_usb.o(i.USB_EPClearStall)
    USB_EPSetStall                           0x08007acf   Thumb Code   140  stm32l4xx_ll_usb.o(i.USB_EPSetStall)
    USB_EPStartXfer                          0x08007b5d   Thumb Code   676  stm32l4xx_ll_usb.o(i.USB_EPStartXfer)
    USB_FlushTxFifo                          0x08007e05   Thumb Code    44  stm32l4xx_ll_usb.o(i.USB_FlushTxFifo)
    USB_GetMode                              0x08007e35   Thumb Code    10  stm32l4xx_ll_usb.o(i.USB_GetMode)
    USB_ReadDevAllInEpInterrupt              0x08007e3f   Thumb Code    18  stm32l4xx_ll_usb.o(i.USB_ReadDevAllInEpInterrupt)
    USB_ReadDevAllOutEpInterrupt             0x08007e51   Thumb Code    18  stm32l4xx_ll_usb.o(i.USB_ReadDevAllOutEpInterrupt)
    USB_ReadDevInEPInterrupt                 0x08007e63   Thumb Code    50  stm32l4xx_ll_usb.o(i.USB_ReadDevInEPInterrupt)
    USB_ReadDevOutEPInterrupt                0x08007e95   Thumb Code    22  stm32l4xx_ll_usb.o(i.USB_ReadDevOutEPInterrupt)
    USB_ReadInterrupts                       0x08007eab   Thumb Code    12  stm32l4xx_ll_usb.o(i.USB_ReadInterrupts)
    USB_ReadPacket                           0x08007eb7   Thumb Code    40  stm32l4xx_ll_usb.o(i.USB_ReadPacket)
    USB_SetDevAddress                        0x08007edf   Thumb Code    36  stm32l4xx_ll_usb.o(i.USB_SetDevAddress)
    USB_WritePacket                          0x08007f03   Thumb Code    56  stm32l4xx_ll_usb.o(i.USB_WritePacket)
    UsageFault_Handler                       0x08007f3b   Thumb Code     4  stm32l4xx_it.o(i.UsageFault_Handler)
    __0sprintf$8                             0x08007fd1   Thumb Code    34  printf8.o(i.__0sprintf$8)
    __1sprintf$8                             0x08007fd1   Thumb Code     0  printf8.o(i.__0sprintf$8)
    __2sprintf                               0x08007fd1   Thumb Code     0  printf8.o(i.__0sprintf$8)
    __scatterload_copy                       0x08007ff9   Thumb Code    14  handlers.o(i.__scatterload_copy)
    __scatterload_null                       0x08008007   Thumb Code     2  handlers.o(i.__scatterload_null)
    __scatterload_zeroinit                   0x08008009   Thumb Code    14  handlers.o(i.__scatterload_zeroinit)
    aci_gap_init_IDB05A1                     0x0800848b   Thumb Code   130  bluenrg_gap_aci.o(i.aci_gap_init_IDB05A1)
    aci_gap_set_discoverable                 0x0800850d   Thumb Code   258  bluenrg_gap_aci.o(i.aci_gap_set_discoverable)
    aci_gap_start_general_discovery_proc     0x08008615   Thumb Code    92  bluenrg_gap_aci.o(i.aci_gap_start_general_discovery_proc)
    aci_gatt_add_char                        0x08008671   Thumb Code   214  bluenrg_gatt_aci.o(i.aci_gatt_add_char)
    aci_gatt_add_serv                        0x0800874d   Thumb Code   152  bluenrg_gatt_aci.o(i.aci_gatt_add_serv)
    aci_gatt_allow_read                      0x080087e5   Thumb Code    70  bluenrg_gatt_aci.o(i.aci_gatt_allow_read)
    aci_gatt_init                            0x0800882b   Thumb Code    58  bluenrg_gatt_aci.o(i.aci_gatt_init)
    aci_gatt_update_char_value               0x08008865   Thumb Code   164  bluenrg_gatt_aci.o(i.aci_gatt_update_char_value)
    getBlueNRGVersion                        0x08008931   Thumb Code    82  bluenrg_utils_small.o(i.getBlueNRGVersion)
    hci_init                                 0x08008985   Thumb Code    88  hci_tl.o(i.hci_init)
    hci_le_read_local_version                0x080089ed   Thumb Code   128  hci_le.o(i.hci_le_read_local_version)
    hci_le_set_random_address                0x08008a6d   Thumb Code    82  hci_le.o(i.hci_le_set_random_address)
    hci_le_set_scan_resp_data                0x08008abf   Thumb Code   102  hci_le.o(i.hci_le_set_scan_resp_data)
    hci_notify_asynch_evt                    0x08008b25   Thumb Code    92  hci_tl.o(i.hci_notify_asynch_evt)
    hci_register_io_bus                      0x08008b8d   Thumb Code    24  hci_tl.o(i.hci_register_io_bus)
    hci_send_req                             0x08008ba9   Thumb Code   408  hci_tl.o(i.hci_send_req)
    hci_tl_lowlevel_init                     0x08008d51   Thumb Code    72  hci_tl_interface.o(i.hci_tl_lowlevel_init)
    hci_tl_lowlevel_isr                      0x08008dbd   Thumb Code    26  hci_tl_interface.o(i.hci_tl_lowlevel_isr)
    hci_user_evt_proc                        0x08008ddd   Thumb Code    52  hci_tl.o(i.hci_user_evt_proc)
    hts221_block_data_update_set             0x08008e1d   Thumb Code    50  hts221_reg.o(i.hts221_block_data_update_set)
    hts221_data_rate_get                     0x08008e4f   Thumb Code    80  hts221_reg.o(i.hts221_data_rate_get)
    hts221_data_rate_set                     0x08008e9f   Thumb Code    50  hts221_reg.o(i.hts221_data_rate_set)
    hts221_device_id_get                     0x08008ed1   Thumb Code    24  hts221_reg.o(i.hts221_device_id_get)
    hts221_hum_adc_point_0_get               0x08008ee9   Thumb Code    24  hts221_reg.o(i.hts221_hum_adc_point_0_get)
    hts221_hum_adc_point_1_get               0x08008f01   Thumb Code    24  hts221_reg.o(i.hts221_hum_adc_point_1_get)
    hts221_hum_rh_point_0_get                0x08008f19   Thumb Code    30  hts221_reg.o(i.hts221_hum_rh_point_0_get)
    hts221_hum_rh_point_1_get                0x08008f37   Thumb Code    30  hts221_reg.o(i.hts221_hum_rh_point_1_get)
    hts221_humidity_raw_get                  0x08008f55   Thumb Code    24  hts221_reg.o(i.hts221_humidity_raw_get)
    hts221_power_on_set                      0x08008f6d   Thumb Code    50  hts221_reg.o(i.hts221_power_on_set)
    hts221_read_reg                          0x08008f9f   Thumb Code    32  hts221_reg.o(i.hts221_read_reg)
    hts221_temp_adc_point_0_get              0x08008fbf   Thumb Code    24  hts221_reg.o(i.hts221_temp_adc_point_0_get)
    hts221_temp_adc_point_1_get              0x08008fd7   Thumb Code    24  hts221_reg.o(i.hts221_temp_adc_point_1_get)
    hts221_temp_deg_point_0_get              0x08008fef   Thumb Code    64  hts221_reg.o(i.hts221_temp_deg_point_0_get)
    hts221_temp_deg_point_1_get              0x0800902f   Thumb Code    64  hts221_reg.o(i.hts221_temp_deg_point_1_get)
    hts221_temperature_raw_get               0x0800906f   Thumb Code    24  hts221_reg.o(i.hts221_temperature_raw_get)
    hts221_write_reg                         0x08009087   Thumb Code    34  hts221_reg.o(i.hts221_write_reg)
    init_blue_nrg_ms_stack                   0x080090a9   Thumb Code   424  main.o(i.init_blue_nrg_ms_stack)
    init_gpio_leds                           0x080092bd   Thumb Code   122  mci_hw_gpio.o(i.init_gpio_leds)
    init_gpio_pc0_as_output                  0x08009341   Thumb Code    76  mci_hw_gpio.o(i.init_gpio_pc0_as_output)
    init_gpio_pc1_as_output                  0x08009395   Thumb Code    86  mci_hw_gpio.o(i.init_gpio_pc1_as_output)
    init_tim3                                0x080093f5   Thumb Code    66  mci_hw_timer.o(i.init_tim3)
    list_get_size                            0x08009441   Thumb Code    18  ble_list.o(i.list_get_size)
    list_init_head                           0x08009453   Thumb Code     6  ble_list.o(i.list_init_head)
    list_insert_head                         0x08009459   Thumb Code    14  ble_list.o(i.list_insert_head)
    list_insert_tail                         0x08009467   Thumb Code    14  ble_list.o(i.list_insert_tail)
    list_is_empty                            0x08009475   Thumb Code    16  ble_list.o(i.list_is_empty)
    list_remove_head                         0x08009485   Thumb Code    28  ble_list.o(i.list_remove_head)
    list_remove_node                         0x080094a1   Thumb Code    14  ble_list.o(i.list_remove_node)
    list_remove_tail                         0x080094af   Thumb Code    28  ble_list.o(i.list_remove_tail)
    lps22hb_auto_add_inc_set                 0x080094cb   Thumb Code    48  lps22hb_reg.o(i.lps22hb_auto_add_inc_set)
    lps22hb_block_data_update_set            0x080094fb   Thumb Code    48  lps22hb_reg.o(i.lps22hb_block_data_update_set)
    lps22hb_boot_set                         0x0800952b   Thumb Code    48  lps22hb_reg.o(i.lps22hb_boot_set)
    lps22hb_data_rate_get                    0x0800955b   Thumb Code    34  lps22hb_reg.o(i.lps22hb_data_rate_get)
    lps22hb_data_rate_set                    0x0800957d   Thumb Code    48  lps22hb_reg.o(i.lps22hb_data_rate_set)
    lps22hb_device_id_get                    0x080095ad   Thumb Code    20  lps22hb_reg.o(i.lps22hb_device_id_get)
    lps22hb_i2c_interface_set                0x080095c1   Thumb Code    48  lps22hb_reg.o(i.lps22hb_i2c_interface_set)
    lps22hb_low_pass_filter_mode_set         0x080095f1   Thumb Code    48  lps22hb_reg.o(i.lps22hb_low_pass_filter_mode_set)
    lps22hb_low_power_set                    0x08009621   Thumb Code    48  lps22hb_reg.o(i.lps22hb_low_power_set)
    lps22hb_pressure_raw_get                 0x08009651   Thumb Code    20  lps22hb_reg.o(i.lps22hb_pressure_raw_get)
    lps22hb_read_reg                         0x08009665   Thumb Code    28  lps22hb_reg.o(i.lps22hb_read_reg)
    lps22hb_temperature_raw_get              0x08009681   Thumb Code    20  lps22hb_reg.o(i.lps22hb_temperature_raw_get)
    lps22hb_write_reg                        0x08009695   Thumb Code    30  lps22hb_reg.o(i.lps22hb_write_reg)
    main                                     0x080096b5   Thumb Code   110  main.o(i.main)
    AHBPrescTable                            0x080097d0   Data          16  system_stm32l4xx.o(.constdata)
    APBPrescTable                            0x080097e0   Data           8  system_stm32l4xx.o(.constdata)
    MSIRangeTable                            0x080097e8   Data          48  system_stm32l4xx.o(.constdata)
    GPIO_PIN                                 0x08009818   Data           8  sensortile.o(.constdata)
    Region$$Table$$Base                      0x08009820   Number         0  anon$$obj.o(Region$$Table)
    Region$$Table$$Limit                     0x08009840   Number         0  anon$$obj.o(Region$$Table)
    ConnectionBleStatus                      0x20000000   Data           4  main.o(.data)
    BytesToWrite                             0x20000004   Data           4  main.o(.data)
    bdaddr                                   0x20000008   Data           6  main.o(.data)
    ble_UART_serv_Handle                     0x20000014   Data           2  main.o(.data)
    TXCharHandle                             0x20000016   Data           2  main.o(.data)
    RXCharHandle                             0x20000018   Data           2  main.o(.data)
    connected                                0x20000020   Data           4  sensor_service.o(.data)
    set_connectable                          0x20000024   Data           1  sensor_service.o(.data)
    LineCoding                               0x20000040   Data           8  usbd_cdc_interface.o(.data)
    BuffLength                               0x20000048   Data           4  usbd_cdc_interface.o(.data)
    UserTxBufPtrIn                           0x2000004c   Data           4  usbd_cdc_interface.o(.data)
    UserTxBufPtrOut                          0x20000050   Data           4  usbd_cdc_interface.o(.data)
    USB_RxBufferStart_idx                    0x20000054   Data           2  usbd_cdc_interface.o(.data)
    USBD_CDC_fops                            0x20000058   Data          16  usbd_cdc_interface.o(.data)
    HCI_ProcessEvent                         0x20000068   Data           4  hci_tl_interface.o(.data)
    hciReadPktPool                           0x2000006c   Data           8  hci_tl.o(.data)
    hciReadPktRxQueue                        0x20000074   Data           8  hci_tl.o(.data)
    uwTick                                   0x2000007c   Data           4  stm32l4xx_hal.o(.data)
    SystemCoreClock                          0x20000080   Data           4  system_stm32l4xx.o(.data)
    HTS221_COMMON_Driver                     0x20000084   Data          16  hts221.o(.data)
    HTS221_HUM_Driver                        0x20000094   Data          20  hts221.o(.data)
    HTS221_TEMP_Driver                       0x200000a8   Data          20  hts221.o(.data)
    LPS22HB_COMMON_Driver                    0x200000bc   Data          16  lps22hb.o(.data)
    LPS22HB_PRESS_Driver                     0x200000cc   Data          20  lps22hb.o(.data)
    LPS22HB_TEMP_Driver                      0x200000e0   Data          20  lps22hb.o(.data)
    GPIO_PORT                                0x200000f4   Data           8  sensortile.o(.data)
    SpixTimeout                              0x200000fc   Data           4  sensortile.o(.data)
    EnvCompObj                               0x20000100   Data           8  sensortile_env_sensors.o(.data)
    BufferToWrite                            0x20000130   Data         256  main.o(.bss)
    TimCCHandle                              0x20000230   Data          64  main.o(.bss)
    bud                                      0x20000270   Data          40  main.o(.bss)
    TargetBoardFeatures                      0x200002c0   Data          52  targetplatform.o(.bss)
    USBD_Device                              0x200002f4   Data         668  targetplatform.o(.bss)
    UserRxBuffer                             0x20000590   Data        2048  usbd_cdc_interface.o(.bss)
    UserTxBuffer                             0x20000d90   Data        2048  usbd_cdc_interface.o(.bss)
    USB_RxBuffer                             0x20001590   Data        2048  usbd_cdc_interface.o(.bss)
    TimHandle                                0x20001d90   Data          64  usbd_cdc_interface.o(.bss)
    hpcd                                     0x20001dd0   Data         972  usbd_conf.o(.bss)
    hexti5                                   0x2000219c   Data          12  hci_tl_interface.o(.bss)
    hbusi2c3                                 0x200025f4   Data          76  sensortile_bus.o(.bss)
    hbusspi2                                 0x20002640   Data         100  sensortile_bus.o(.bss)
    hbusspi1                                 0x200026a4   Data         100  sensortile_bus.o(.bss)
    __initial_sp                             0x2000a708   Data           0  startup_stm32l476xx.o(STACK)



==============================================================================

Memory Map of the image

  Image Entry point : 0x08000189

  Load Region LR_IROM1 (Base: 0x08000000, Size: 0x00009970, Max: 0x00100000, ABSOLUTE, COMPRESSED[0x000098d0])

    Execution Region ER_IROM1 (Exec base: 0x08000000, Load base: 0x08000000, Size: 0x00009840, Max: 0x00100000, ABSOLUTE)

    Exec Addr    Load Addr    Size         Type   Attr      Idx    E Section Name        Object

    0x08000000   0x08000000   0x00000188   Data   RO         1302    RESET               startup_stm32l476xx.o
    0x08000188   0x08000188   0x00000000   Code   RO         8463  * .ARM.Collect$$$$00000000  mc_w.l(entry.o)
    0x08000188   0x08000188   0x00000004   Code   RO         8761    .ARM.Collect$$$$00000001  mc_w.l(entry2.o)
    0x0800018c   0x0800018c   0x00000004   Code   RO         8764    .ARM.Collect$$$$00000004  mc_w.l(entry5.o)
    0x08000190   0x08000190   0x00000000   Code   RO         8766    .ARM.Collect$$$$00000008  mc_w.l(entry7b.o)
    0x08000190   0x08000190   0x00000000   Code   RO         8768    .ARM.Collect$$$$0000000A  mc_w.l(entry8b.o)
    0x08000190   0x08000190   0x00000008   Code   RO         8769    .ARM.Collect$$$$0000000B  mc_w.l(entry9a.o)
    0x08000198   0x08000198   0x00000000   Code   RO         8771    .ARM.Collect$$$$0000000D  mc_w.l(entry10a.o)
    0x08000198   0x08000198   0x00000000   Code   RO         8773    .ARM.Collect$$$$0000000F  mc_w.l(entry11a.o)
    0x08000198   0x08000198   0x00000004   Code   RO         8762    .ARM.Collect$$$$00002712  mc_w.l(entry2.o)
    0x0800019c   0x0800019c   0x00000024   Code   RO         1303    .text               startup_stm32l476xx.o
    0x080001c0   0x080001c0   0x00000024   Code   RO         8466    .text               mc_w.l(memcpya.o)
    0x080001e4   0x080001e4   0x00000024   Code   RO         8468    .text               mc_w.l(memseta.o)
    0x08000208   0x08000208   0x00000068   Code   RO         8780    .text               mc_w.l(uldiv.o)
    0x08000270   0x08000270   0x00000024   Code   RO         8795    .text               mc_w.l(init.o)
    0x08000294   0x08000294   0x0000001e   Code   RO         8798    .text               mc_w.l(llshl.o)
    0x080002b2   0x080002b2   0x00000020   Code   RO         8800    .text               mc_w.l(llushr.o)
    0x080002d2   0x080002d2   0x00000056   Code   RO         8815    .text               mc_w.l(__dczerorl2.o)
    0x08000328   0x08000328   0x00000060   Code   RO         7646    i.BSP_ENV_SENSOR_Enable  sensortile_env_sensors.o
    0x08000388   0x08000388   0x00000068   Code   RO         7649    i.BSP_ENV_SENSOR_GetValue  sensortile_env_sensors.o
    0x080003f0   0x080003f0   0x00000128   Code   RO         7650    i.BSP_ENV_SENSOR_Init  sensortile_env_sensors.o
    0x08000518   0x08000518   0x00000008   Code   RO         7873    i.BSP_GetTick       sensortile_bus.o
    0x08000520   0x08000520   0x00000020   Code   RO         7874    i.BSP_I2C3_DeInit   sensortile_bus.o
    0x08000540   0x08000540   0x00000034   Code   RO         7875    i.BSP_I2C3_Init     sensortile_bus.o
    0x08000574   0x08000574   0x0000003e   Code   RO         7877    i.BSP_I2C3_ReadReg  sensortile_bus.o
    0x080005b2   0x080005b2   0x00000002   PAD
    0x080005b4   0x080005b4   0x0000003e   Code   RO         7882    i.BSP_I2C3_WriteReg  sensortile_bus.o
    0x080005f2   0x080005f2   0x00000002   PAD
    0x080005f4   0x080005f4   0x00000098   Code   RO         7491    i.BSP_LED_Init      sensortile.o
    0x0800068c   0x0800068c   0x00000012   Code   RO         7653    i.BSP_LPS22HB_DeInit  sensortile_env_sensors.o
    0x0800069e   0x0800069e   0x00000002   PAD
    0x080006a0   0x080006a0   0x00000068   Code   RO         7654    i.BSP_LPS22HB_Init  sensortile_env_sensors.o
    0x08000708   0x08000708   0x0000009c   Code   RO         7655    i.BSP_LPS22HB_ReadReg  sensortile_env_sensors.o
    0x080007a4   0x080007a4   0x0000004e   Code   RO         7656    i.BSP_LPS22HB_WriteReg  sensortile_env_sensors.o
    0x080007f2   0x080007f2   0x00000002   PAD
    0x080007f4   0x080007f4   0x00000030   Code   RO         7885    i.BSP_SPI1_Init     sensortile_bus.o
    0x08000824   0x08000824   0x0000002c   Code   RO         7888    i.BSP_SPI1_SendRecv  sensortile_bus.o
    0x08000850   0x08000850   0x00000020   Code   RO         7889    i.BSP_SPI2_DeInit   sensortile_bus.o
    0x08000870   0x08000870   0x00000030   Code   RO         7890    i.BSP_SPI2_Init     sensortile_bus.o
    0x080008a0   0x080008a0   0x00000024   Code   RO         7892    i.BSP_SPI2_Send     sensortile_bus.o
    0x080008c4   0x080008c4   0x00000004   Code   RO          552    i.BusFault_Handler  stm32l4xx_it.o
    0x080008c8   0x080008c8   0x00000038   Code   RO          716    i.CDC_Fill_Buffer   usbd_cdc_interface.o
    0x08000900   0x08000900   0x000000a0   Code   RO          717    i.CDC_Itf_Control   usbd_cdc_interface.o
    0x080009a0   0x080009a0   0x00000004   Code   RO          718    i.CDC_Itf_DeInit    usbd_cdc_interface.o
    0x080009a4   0x080009a4   0x00000068   Code   RO          719    i.CDC_Itf_Init      usbd_cdc_interface.o
    0x08000a0c   0x08000a0c   0x00000006   Code   RO          720    i.CDC_Itf_Receive   usbd_cdc_interface.o
    0x08000a12   0x08000a12   0x00000002   PAD
    0x08000a14   0x08000a14   0x00000034   Code   RO          721    i.CDC_TIM_Config    usbd_cdc_interface.o
    0x08000a48   0x08000a48   0x00000074   Code   RO          722    i.CDC_TIM_PeriodElapsedCallback  usbd_cdc_interface.o
    0x08000abc   0x08000abc   0x00000002   Code   RO          553    i.DebugMon_Handler  stm32l4xx_it.o
    0x08000abe   0x08000abe   0x00000002   PAD
    0x08000ac0   0x08000ac0   0x00000010   Code   RO          554    i.EXTI9_5_IRQHandler  stm32l4xx_it.o
    0x08000ad0   0x08000ad0   0x00000140   Code   RO          369    i.Environmental_Update  sensor_service.o
    0x08000c10   0x08000c10   0x00000004   Code   RO            4    i.Error_Handler     main.o
    0x08000c14   0x08000c14   0x00000020   Code   RO          370    i.GAP_ConnectionComplete_CB  sensor_service.o
    0x08000c34   0x08000c34   0x00000034   Code   RO          371    i.GAP_DisconnectionComplete_CB  sensor_service.o
    0x08000c68   0x08000c68   0x00000058   Code   RO         2947    i.HAL_DMA_Abort_IT  stm32l4xx_hal_dma.o
    0x08000cc0   0x08000cc0   0x0000001c   Code   RO            5    i.HAL_Delay         main.o
    0x08000cdc   0x08000cdc   0x0000000e   Code   RO         1033    i.HAL_EXTI_GetHandle  stm32l4xx_hal_exti.o
    0x08000cea   0x08000cea   0x00000002   PAD
    0x08000cec   0x08000cec   0x00000034   Code   RO         1034    i.HAL_EXTI_IRQHandler  stm32l4xx_hal_exti.o
    0x08000d20   0x08000d20   0x00000028   Code   RO         1035    i.HAL_EXTI_RegisterCallback  stm32l4xx_hal_exti.o
    0x08000d48   0x08000d48   0x00000148   Code   RO         3248    i.HAL_GPIO_DeInit   stm32l4xx_hal_gpio.o
    0x08000e90   0x08000e90   0x00000208   Code   RO         3251    i.HAL_GPIO_Init     stm32l4xx_hal_gpio.o
    0x08001098   0x08001098   0x00000010   Code   RO         3253    i.HAL_GPIO_ReadPin  stm32l4xx_hal_gpio.o
    0x080010a8   0x080010a8   0x0000000a   Code   RO         3255    i.HAL_GPIO_WritePin  stm32l4xx_hal_gpio.o
    0x080010b2   0x080010b2   0x00000002   PAD
    0x080010b4   0x080010b4   0x0000000c   Code   RO         2461    i.HAL_GetTick       stm32l4xx_hal.o
    0x080010c0   0x080010c0   0x00000002   Code   RO         3314    i.HAL_I2C_AbortCpltCallback  stm32l4xx_hal_i2c.o
    0x080010c2   0x080010c2   0x00000002   Code   RO         3315    i.HAL_I2C_AddrCallback  stm32l4xx_hal_i2c.o
    0x080010c4   0x080010c4   0x0000003c   Code   RO         3316    i.HAL_I2C_DeInit    stm32l4xx_hal_i2c.o
    0x08001100   0x08001100   0x00000072   Code   RO         3318    i.HAL_I2C_ER_IRQHandler  stm32l4xx_hal_i2c.o
    0x08001172   0x08001172   0x0000001c   Code   RO         3319    i.HAL_I2C_EV_IRQHandler  stm32l4xx_hal_i2c.o
    0x0800118e   0x0800118e   0x00000002   Code   RO         3321    i.HAL_I2C_ErrorCallback  stm32l4xx_hal_i2c.o
    0x08001190   0x08001190   0x00000008   Code   RO         3324    i.HAL_I2C_GetState  stm32l4xx_hal_i2c.o
    0x08001198   0x08001198   0x000000c4   Code   RO         3325    i.HAL_I2C_Init      stm32l4xx_hal_i2c.o
    0x0800125c   0x0800125c   0x00000002   Code   RO         3327    i.HAL_I2C_ListenCpltCallback  stm32l4xx_hal_i2c.o
    0x0800125e   0x0800125e   0x00000002   PAD
    0x08001260   0x08001260   0x000001c2   Code   RO         3341    i.HAL_I2C_Mem_Read  stm32l4xx_hal_i2c.o
    0x08001422   0x08001422   0x00000002   PAD
    0x08001424   0x08001424   0x000001be   Code   RO         3344    i.HAL_I2C_Mem_Write  stm32l4xx_hal_i2c.o
    0x080015e2   0x080015e2   0x00000002   Code   RO         3347    i.HAL_I2C_MspDeInit  stm32l4xx_hal_i2c.o
    0x080015e4   0x080015e4   0x00000002   Code   RO         3348    i.HAL_I2C_MspInit   stm32l4xx_hal_i2c.o
    0x080015e6   0x080015e6   0x00000002   Code   RO         3349    i.HAL_I2C_SlaveRxCpltCallback  stm32l4xx_hal_i2c.o
    0x080015e8   0x080015e8   0x00000002   Code   RO         3350    i.HAL_I2C_SlaveTxCpltCallback  stm32l4xx_hal_i2c.o
    0x080015ea   0x080015ea   0x00000002   PAD
    0x080015ec   0x080015ec   0x00000010   Code   RO         2465    i.HAL_IncTick       stm32l4xx_hal.o
    0x080015fc   0x080015fc   0x00000016   Code   RO         2466    i.HAL_Init          stm32l4xx_hal.o
    0x08001612   0x08001612   0x00000002   PAD
    0x08001614   0x08001614   0x00000028   Code   RO         2467    i.HAL_InitTick      stm32l4xx_hal.o
    0x0800163c   0x0800163c   0x00000002   Code   RO         2469    i.HAL_MspInit       stm32l4xx_hal.o
    0x0800163e   0x0800163e   0x00000002   PAD
    0x08001640   0x08001640   0x0000001c   Code   RO         2703    i.HAL_NVIC_DisableIRQ  stm32l4xx_hal_cortex.o
    0x0800165c   0x0800165c   0x0000001a   Code   RO         2704    i.HAL_NVIC_EnableIRQ  stm32l4xx_hal_cortex.o
    0x08001676   0x08001676   0x00000082   Code   RO         2710    i.HAL_NVIC_SetPriority  stm32l4xx_hal_cortex.o
    0x080016f8   0x080016f8   0x00000028   Code   RO         2711    i.HAL_NVIC_SetPriorityGrouping  stm32l4xx_hal_cortex.o
    0x08001720   0x08001720   0x00000002   Code   RO         5940    i.HAL_PCDEx_LPM_Callback  stm32l4xx_hal_pcd_ex.o
    0x08001722   0x08001722   0x0000000e   Code   RO          779    i.HAL_PCD_ConnectCallback  usbd_conf.o
    0x08001730   0x08001730   0x00000020   Code   RO          780    i.HAL_PCD_DataInStageCallback  usbd_conf.o
    0x08001750   0x08001750   0x00000020   Code   RO          781    i.HAL_PCD_DataOutStageCallback  usbd_conf.o
    0x08001770   0x08001770   0x0000000e   Code   RO          782    i.HAL_PCD_DisconnectCallback  usbd_conf.o
    0x0800177e   0x0800177e   0x0000006a   Code   RO         5729    i.HAL_PCD_EP_ClrStall  stm32l4xx_hal_pcd.o
    0x080017e8   0x080017e8   0x0000007e   Code   RO         5732    i.HAL_PCD_EP_Open   stm32l4xx_hal_pcd.o
    0x08001866   0x08001866   0x00000052   Code   RO         5733    i.HAL_PCD_EP_Receive  stm32l4xx_hal_pcd.o
    0x080018b8   0x080018b8   0x0000007c   Code   RO         5734    i.HAL_PCD_EP_SetStall  stm32l4xx_hal_pcd.o
    0x08001934   0x08001934   0x00000054   Code   RO         5735    i.HAL_PCD_EP_Transmit  stm32l4xx_hal_pcd.o
    0x08001988   0x08001988   0x0000078e   Code   RO         5737    i.HAL_PCD_IRQHandler  stm32l4xx_hal_pcd.o
    0x08002116   0x08002116   0x00000012   Code   RO          783    i.HAL_PCD_ISOINIncompleteCallback  usbd_conf.o
    0x08002128   0x08002128   0x00000012   Code   RO          784    i.HAL_PCD_ISOOUTIncompleteCallback  usbd_conf.o
    0x0800213a   0x0800213a   0x00000018   Code   RO          785    i.HAL_PCD_ResetCallback  usbd_conf.o
    0x08002152   0x08002152   0x0000000e   Code   RO          786    i.HAL_PCD_ResumeCallback  usbd_conf.o
    0x08002160   0x08002160   0x0000000e   Code   RO          787    i.HAL_PCD_SOFCallback  usbd_conf.o
    0x0800216e   0x0800216e   0x00000036   Code   RO         5746    i.HAL_PCD_SetAddress  stm32l4xx_hal_pcd.o
    0x080021a4   0x080021a4   0x00000012   Code   RO          788    i.HAL_PCD_SetupStageCallback  usbd_conf.o
    0x080021b6   0x080021b6   0x0000000e   Code   RO          789    i.HAL_PCD_SuspendCallback  usbd_conf.o
    0x080021c4   0x080021c4   0x00000014   Code   RO         3936    i.HAL_PWREx_EnableVddIO2  stm32l4xx_hal_pwr_ex.o
    0x080021d8   0x080021d8   0x00000010   Code   RO         3942    i.HAL_PWREx_GetVoltageRange  stm32l4xx_hal_pwr_ex.o
    0x080021e8   0x080021e8   0x00000014   Code   RO         3803    i.HAL_PWR_EnableBkUpAccess  stm32l4xx_hal_pwr.o
    0x080021fc   0x080021fc   0x00000020   Code   RO         4258    i.HAL_RCCEx_DisableLSECSS  stm32l4xx_hal_rcc_ex.o
    0x0800221c   0x0800221c   0x00000014   Code   RO         4265    i.HAL_RCCEx_EnableMSIPLLMode  stm32l4xx_hal_rcc_ex.o
    0x08002230   0x08002230   0x000004d4   Code   RO         4272    i.HAL_RCCEx_PeriphCLKConfig  stm32l4xx_hal_rcc_ex.o
    0x08002704   0x08002704   0x000001dc   Code   RO         4157    i.HAL_RCC_ClockConfig  stm32l4xx_hal_rcc.o
    0x080028e0   0x080028e0   0x0000000c   Code   RO         4161    i.HAL_RCC_GetHCLKFreq  stm32l4xx_hal_rcc.o
    0x080028ec   0x080028ec   0x0000010c   Code   RO         4165    i.HAL_RCC_GetSysClockFreq  stm32l4xx_hal_rcc.o
    0x080029f8   0x080029f8   0x00000624   Code   RO         4168    i.HAL_RCC_OscConfig  stm32l4xx_hal_rcc.o
    0x0800301c   0x0800301c   0x00000036   Code   RO         4435    i.HAL_SPI_DeInit    stm32l4xx_hal_spi.o
    0x08003052   0x08003052   0x00000008   Code   RO         4438    i.HAL_SPI_GetState  stm32l4xx_hal_spi.o
    0x0800305a   0x0800305a   0x000000c0   Code   RO         4440    i.HAL_SPI_Init      stm32l4xx_hal_spi.o
    0x0800311a   0x0800311a   0x00000002   Code   RO         4441    i.HAL_SPI_MspDeInit  stm32l4xx_hal_spi.o
    0x0800311c   0x0800311c   0x00000002   Code   RO         4442    i.HAL_SPI_MspInit   stm32l4xx_hal_spi.o
    0x0800311e   0x0800311e   0x000001b8   Code   RO         4448    i.HAL_SPI_Transmit  stm32l4xx_hal_spi.o
    0x080032d6   0x080032d6   0x0000028a   Code   RO         4449    i.HAL_SPI_TransmitReceive  stm32l4xx_hal_spi.o
    0x08003560   0x08003560   0x00000002   Code   RO         2714    i.HAL_SYSTICK_Callback  stm32l4xx_hal_cortex.o
    0x08003562   0x08003562   0x00000034   Code   RO         2715    i.HAL_SYSTICK_Config  stm32l4xx_hal_cortex.o
    0x08003596   0x08003596   0x00000008   Code   RO         2716    i.HAL_SYSTICK_IRQHandler  stm32l4xx_hal_cortex.o
    0x0800359e   0x0800359e   0x00000002   Code   RO         5432    i.HAL_TIMEx_BreakCallback  stm32l4xx_hal_tim_ex.o
    0x080035a0   0x080035a0   0x00000002   Code   RO         5433    i.HAL_TIMEx_CommutationCallback  stm32l4xx_hal_tim_ex.o
    0x080035a2   0x080035a2   0x00000034   Code   RO         4782    i.HAL_TIM_Base_Init  stm32l4xx_hal_tim.o
    0x080035d6   0x080035d6   0x00000002   PAD
    0x080035d8   0x080035d8   0x0000007c   Code   RO          502    i.HAL_TIM_Base_MspInit  stm32l4xx_hal_msp.o
    0x08003654   0x08003654   0x0000001e   Code   RO         4787    i.HAL_TIM_Base_Start_IT  stm32l4xx_hal_tim.o
    0x08003672   0x08003672   0x00000002   Code   RO         4811    i.HAL_TIM_IC_CaptureCallback  stm32l4xx_hal_tim.o
    0x08003674   0x08003674   0x00000196   Code   RO         4824    i.HAL_TIM_IRQHandler  stm32l4xx_hal_tim.o
    0x0800380a   0x0800380a   0x00000094   Code   RO         4825    i.HAL_TIM_OC_ConfigChannel  stm32l4xx_hal_tim.o
    0x0800389e   0x0800389e   0x00000002   PAD
    0x080038a0   0x080038a0   0x00000034   Code   RO            6    i.HAL_TIM_OC_DelayElapsedCallback  main.o
    0x080038d4   0x080038d4   0x00000034   Code   RO         4829    i.HAL_TIM_OC_Init   stm32l4xx_hal_tim.o
    0x08003908   0x08003908   0x00000038   Code   RO          503    i.HAL_TIM_OC_MspInit  stm32l4xx_hal_msp.o
    0x08003940   0x08003940   0x000000f0   Code   RO         4837    i.HAL_TIM_OC_Stop_IT  stm32l4xx_hal_tim.o
    0x08003a30   0x08003a30   0x00000002   Code   RO         4854    i.HAL_TIM_PWM_PulseFinishedCallback  stm32l4xx_hal_tim.o
    0x08003a32   0x08003a32   0x00000002   PAD
    0x08003a34   0x08003a34   0x00000018   Code   RO            7    i.HAL_TIM_PeriodElapsedCallback  main.o
    0x08003a4c   0x08003a4c   0x00000054   Code   RO         4862    i.HAL_TIM_ReadCapturedValue  stm32l4xx_hal_tim.o
    0x08003aa0   0x08003aa0   0x00000002   Code   RO         4865    i.HAL_TIM_TriggerCallback  stm32l4xx_hal_tim.o
    0x08003aa2   0x08003aa2   0x00000002   PAD
    0x08003aa4   0x08003aa4   0x00000124   Code   RO          372    i.HCI_Event_CB      sensor_service.o
    0x08003bc8   0x08003bc8   0x0000002c   Code   RO         1069    i.HCI_TL_SPI_DeInit  hci_tl_interface.o
    0x08003bf4   0x08003bf4   0x000000c8   Code   RO         1070    i.HCI_TL_SPI_Init   hci_tl_interface.o
    0x08003cbc   0x08003cbc   0x00000080   Code   RO         1071    i.HCI_TL_SPI_Receive  hci_tl_interface.o
    0x08003d3c   0x08003d3c   0x0000002c   Code   RO         1072    i.HCI_TL_SPI_Reset  hci_tl_interface.o
    0x08003d68   0x08003d68   0x0000008c   Code   RO         1073    i.HCI_TL_SPI_Send   hci_tl_interface.o
    0x08003df4   0x08003df4   0x00000120   Code   RO         7657    i.HTS221_0_Probe    sensortile_env_sensors.o
    0x08003f14   0x08003f14   0x00000032   Code   RO         6340    i.HTS221_DeInit     hts221.o
    0x08003f46   0x08003f46   0x00000002   PAD
    0x08003f48   0x08003f48   0x00000030   Code   RO         6341    i.HTS221_GetCapabilities  hts221.o
    0x08003f78   0x08003f78   0x00000064   Code   RO         6342    i.HTS221_GetOutputDataRate  hts221.o
    0x08003fdc   0x08003fdc   0x00000030   Code   RO         6345    i.HTS221_HUM_Disable  hts221.o
    0x0800400c   0x0800400c   0x00000032   Code   RO         6346    i.HTS221_HUM_Enable  hts221.o
    0x0800403e   0x0800403e   0x00000002   PAD
    0x08004040   0x08004040   0x00000100   Code   RO         6347    i.HTS221_HUM_GetHumidity  hts221.o
    0x08004140   0x08004140   0x00000010   Code   RO         6348    i.HTS221_HUM_GetOutputDataRate  hts221.o
    0x08004150   0x08004150   0x0000001c   Code   RO         6350    i.HTS221_HUM_SetOutputDataRate  hts221.o
    0x0800416c   0x0800416c   0x00000022   Code   RO         6351    i.HTS221_Init       hts221.o
    0x0800418e   0x0800418e   0x0000003e   Code   RO         6352    i.HTS221_Initialize  hts221.o
    0x080041cc   0x080041cc   0x0000001c   Code   RO         6353    i.HTS221_ReadID     hts221.o
    0x080041e8   0x080041e8   0x0000004c   Code   RO         6355    i.HTS221_RegisterBusIO  hts221.o
    0x08004234   0x08004234   0x0000004e   Code   RO         6356    i.HTS221_SetOutputDataRate  hts221.o
    0x08004282   0x08004282   0x00000030   Code   RO         6358    i.HTS221_TEMP_Disable  hts221.o
    0x080042b2   0x080042b2   0x00000032   Code   RO         6359    i.HTS221_TEMP_Enable  hts221.o
    0x080042e4   0x080042e4   0x00000010   Code   RO         6360    i.HTS221_TEMP_GetOutputDataRate  hts221.o
    0x080042f4   0x080042f4   0x000000c6   Code   RO         6361    i.HTS221_TEMP_GetTemperature  hts221.o
    0x080043ba   0x080043ba   0x0000001c   Code   RO         6363    i.HTS221_TEMP_SetOutputDataRate  hts221.o
    0x080043d6   0x080043d6   0x00000004   Code   RO          555    i.HardFault_Handler  stm32l4xx_it.o
    0x080043da   0x080043da   0x00000002   PAD
    0x080043dc   0x080043dc   0x00000010   Code   RO          556    i.I2C3_ER_IRQHandler  stm32l4xx_it.o
    0x080043ec   0x080043ec   0x00000010   Code   RO          557    i.I2C3_EV_IRQHandler  stm32l4xx_it.o
    0x080043fc   0x080043fc   0x00000030   Code   RO         7894    i.I2C3_MspDeInit    sensortile_bus.o
    0x0800442c   0x0800442c   0x000000b0   Code   RO         7895    i.I2C3_MspInit      sensortile_bus.o
    0x080044dc   0x080044dc   0x0000003a   Code   RO         3359    i.I2C_DMAAbort      stm32l4xx_hal_i2c.o
    0x08004516   0x08004516   0x0000007c   Code   RO         3365    i.I2C_Disable_IRQ   stm32l4xx_hal_i2c.o
    0x08004592   0x08004592   0x00000028   Code   RO         3367    i.I2C_Flush_TXDR    stm32l4xx_hal_i2c.o
    0x080045ba   0x080045ba   0x000000d2   Code   RO         3368    i.I2C_ITAddrCplt    stm32l4xx_hal_i2c.o
    0x0800468c   0x0800468c   0x00000118   Code   RO         3369    i.I2C_ITError       stm32l4xx_hal_i2c.o
    0x080047a4   0x080047a4   0x0000006c   Code   RO         3370    i.I2C_ITListenCplt  stm32l4xx_hal_i2c.o
    0x08004810   0x08004810   0x00000130   Code   RO         3373    i.I2C_ITSlaveCplt   stm32l4xx_hal_i2c.o
    0x08004940   0x08004940   0x00000062   Code   RO         3374    i.I2C_ITSlaveSequentialCplt  stm32l4xx_hal_i2c.o
    0x080049a2   0x080049a2   0x00000002   PAD
    0x080049a4   0x080049a4   0x0000008c   Code   RO         3375    i.I2C_IsAcknowledgeFailed  stm32l4xx_hal_i2c.o
    0x08004a30   0x08004a30   0x00000090   Code   RO         3378    i.I2C_RequestMemoryRead  stm32l4xx_hal_i2c.o
    0x08004ac0   0x08004ac0   0x00000090   Code   RO         3379    i.I2C_RequestMemoryWrite  stm32l4xx_hal_i2c.o
    0x08004b50   0x08004b50   0x00000140   Code   RO         3381    i.I2C_Slave_ISR_IT  stm32l4xx_hal_i2c.o
    0x08004c90   0x08004c90   0x00000034   Code   RO         3382    i.I2C_TransferConfig  stm32l4xx_hal_i2c.o
    0x08004cc4   0x08004cc4   0x00000056   Code   RO         3383    i.I2C_WaitOnFlagUntilTimeout  stm32l4xx_hal_i2c.o
    0x08004d1a   0x08004d1a   0x00000056   Code   RO         3385    i.I2C_WaitOnSTOPFlagUntilTimeout  stm32l4xx_hal_i2c.o
    0x08004d70   0x08004d70   0x0000005a   Code   RO         3386    i.I2C_WaitOnTXISFlagUntilTimeout  stm32l4xx_hal_i2c.o
    0x08004dca   0x08004dca   0x00000002   PAD
    0x08004dcc   0x08004dcc   0x0000008c   Code   RO          668    i.InitTargetPlatform  targetplatform.o
    0x08004e58   0x08004e58   0x00000060   Code   RO            8    i.InitTimers        main.o
    0x08004eb8   0x08004eb8   0x00000204   Code   RO          669    i.Init_MEM1_Sensors  targetplatform.o
    0x080050bc   0x080050bc   0x00000018   Code   RO         1074    i.IsDataAvailable   hci_tl_interface.o
    0x080050d4   0x080050d4   0x000000c8   Code   RO          373    i.LED_Update        sensor_service.o
    0x0800519c   0x0800519c   0x00000158   Code   RO         7658    i.LPS22HB_0_Probe   sensortile_env_sensors.o
    0x080052f4   0x080052f4   0x00000032   Code   RO         6754    i.LPS22HB_DeInit    lps22hb.o
    0x08005326   0x08005326   0x00000002   PAD
    0x08005328   0x08005328   0x00000034   Code   RO         6765    i.LPS22HB_GetCapabilities  lps22hb.o
    0x0800535c   0x0800535c   0x00000080   Code   RO         6766    i.LPS22HB_GetOutputDataRate  lps22hb.o
    0x080053dc   0x080053dc   0x00000022   Code   RO         6770    i.LPS22HB_Init      lps22hb.o
    0x080053fe   0x080053fe   0x0000007e   Code   RO         6771    i.LPS22HB_Initialize  lps22hb.o
    0x0800547c   0x0800547c   0x00000044   Code   RO         6772    i.LPS22HB_PRESS_Disable  lps22hb.o
    0x080054c0   0x080054c0   0x0000002e   Code   RO         6773    i.LPS22HB_PRESS_Enable  lps22hb.o
    0x080054ee   0x080054ee   0x00000010   Code   RO         6774    i.LPS22HB_PRESS_GetOutputDataRate  lps22hb.o
    0x080054fe   0x080054fe   0x00000002   PAD
    0x08005500   0x08005500   0x00000038   Code   RO         6775    i.LPS22HB_PRESS_GetPressure  lps22hb.o
    0x08005538   0x08005538   0x00000030   Code   RO         6777    i.LPS22HB_PRESS_SetOutputDataRate  lps22hb.o
    0x08005568   0x08005568   0x0000001c   Code   RO         6778    i.LPS22HB_ReadID    lps22hb.o
    0x08005584   0x08005584   0x00000078   Code   RO         6780    i.LPS22HB_RegisterBusIO  lps22hb.o
    0x080055fc   0x080055fc   0x00000048   Code   RO         7659    i.LPS22HB_SPI_Read  sensortile_env_sensors.o
    0x08005644   0x08005644   0x00000030   Code   RO         7660    i.LPS22HB_SPI_Write  sensortile_env_sensors.o
    0x08005674   0x08005674   0x00000058   Code   RO         6781    i.LPS22HB_SetOutputDataRate_When_Disabled  lps22hb.o
    0x080056cc   0x080056cc   0x0000008c   Code   RO         6782    i.LPS22HB_SetOutputDataRate_When_Enabled  lps22hb.o
    0x08005758   0x08005758   0x00000044   Code   RO         6784    i.LPS22HB_TEMP_Disable  lps22hb.o
    0x0800579c   0x0800579c   0x0000002e   Code   RO         6785    i.LPS22HB_TEMP_Enable  lps22hb.o
    0x080057ca   0x080057ca   0x00000010   Code   RO         6786    i.LPS22HB_TEMP_GetOutputDataRate  lps22hb.o
    0x080057da   0x080057da   0x00000002   PAD
    0x080057dc   0x080057dc   0x0000003c   Code   RO         6787    i.LPS22HB_TEMP_GetTemperature  lps22hb.o
    0x08005818   0x08005818   0x00000030   Code   RO         6789    i.LPS22HB_TEMP_SetOutputDataRate  lps22hb.o
    0x08005848   0x08005848   0x00000020   Code   RO         6790    i.LPS22HB_Write_Reg  lps22hb.o
    0x08005868   0x08005868   0x00000042   Code   RO         6365    i.Linear_Interpolation  hts221.o
    0x080058aa   0x080058aa   0x00000002   PAD
    0x080058ac   0x080058ac   0x0000002c   Code   RO         7896    i.MX_I2C3_Init      sensortile_bus.o
    0x080058d8   0x080058d8   0x00000050   Code   RO         7897    i.MX_SPI1_Init      sensortile_bus.o
    0x08005928   0x08005928   0x00000074   Code   RO         7898    i.MX_SPI2_Init      sensortile_bus.o
    0x0800599c   0x0800599c   0x00000004   Code   RO          558    i.MemManage_Handler  stm32l4xx_it.o
    0x080059a0   0x080059a0   0x00000002   Code   RO          559    i.NMI_Handler       stm32l4xx_it.o
    0x080059a2   0x080059a2   0x00000016   Code   RO         1212    i.NVIC_EnableIRQ    mci_hw_timer.o
    0x080059b8   0x080059b8   0x00000010   Code   RO         2717    i.NVIC_GetPriorityGrouping  stm32l4xx_hal_cortex.o
    0x080059c8   0x080059c8   0x00000028   Code   RO         2718    i.NVIC_SetPriority  stm32l4xx_hal_cortex.o
    0x080059f0   0x080059f0   0x00000010   Code   RO          560    i.OTG_FS_IRQHandler  stm32l4xx_it.o
    0x08005a00   0x08005a00   0x000000ba   Code   RO         5751    i.PCD_WriteEmptyTxFifo  stm32l4xx_hal_pcd.o
    0x08005aba   0x08005aba   0x00000002   Code   RO          561    i.PendSV_Handler    stm32l4xx_it.o
    0x08005abc   0x08005abc   0x0000018c   Code   RO         4275    i.RCCEx_PLLSAI1_Config  stm32l4xx_hal_rcc_ex.o
    0x08005c48   0x08005c48   0x00000164   Code   RO         4276    i.RCCEx_PLLSAI2_Config  stm32l4xx_hal_rcc_ex.o
    0x08005dac   0x08005dac   0x000000a0   Code   RO         4169    i.RCC_SetFlashLatencyFromMSIRange  stm32l4xx_hal_rcc.o
    0x08005e4c   0x08005e4c   0x00000038   Code   RO         6366    i.ReadRegWrap       hts221.o
    0x08005e84   0x08005e84   0x00000058   Code   RO         6791    i.ReadRegWrap       lps22hb.o
    0x08005edc   0x08005edc   0x00000206   Code   RO          374    i.Read_Request_CB   sensor_service.o
    0x080060e2   0x080060e2   0x00000002   PAD
    0x080060e4   0x080060e4   0x00000064   Code   RO         7900    i.SPI1_MspInit      sensortile_bus.o
    0x08006148   0x08006148   0x00000024   Code   RO         7901    i.SPI2_MspDeInit    sensortile_bus.o
    0x0800616c   0x0800616c   0x00000068   Code   RO         7902    i.SPI2_MspInit      sensortile_bus.o
    0x080061d4   0x080061d4   0x00000064   Code   RO         4478    i.SPI_EndRxTxTransaction  stm32l4xx_hal_spi.o
    0x08006238   0x08006238   0x000000b0   Code   RO         4483    i.SPI_WaitFifoStateUntilTimeout  stm32l4xx_hal_spi.o
    0x080062e8   0x080062e8   0x000000a8   Code   RO         4484    i.SPI_WaitFlagStateUntilTimeout  stm32l4xx_hal_spi.o
    0x08006390   0x08006390   0x00000002   Code   RO          562    i.SVC_Handler       stm32l4xx_it.o
    0x08006392   0x08006392   0x00000002   PAD
    0x08006394   0x08006394   0x00000070   Code   RO          375    i.Stderr_Update     sensor_service.o
    0x08006404   0x08006404   0x00000034   Code   RO          376    i.Stderr_Update_AfterRead  sensor_service.o
    0x08006438   0x08006438   0x0000000c   Code   RO          563    i.SysTick_Handler   stm32l4xx_it.o
    0x08006444   0x08006444   0x000000c8   Code   RO           12    i.SystemClock_Config  main.o
    0x0800650c   0x0800650c   0x00000050   Code   RO         6307    i.SystemInit        system_stm32l4xx.o
    0x0800655c   0x0800655c   0x00000010   Code   RO          564    i.TIM1_CC_IRQHandler  stm32l4xx_it.o
    0x0800656c   0x0800656c   0x000000fc   Code   RO           13    i.TIM3_IRQHandler   main.o
    0x08006668   0x08006668   0x000000c8   Code   RO         4866    i.TIM_Base_SetConfig  stm32l4xx_hal_tim.o
    0x08006730   0x08006730   0x0000001c   Code   RO         4867    i.TIM_CCxChannelCmd  stm32l4xx_hal_tim.o
    0x0800674c   0x0800674c   0x000000b0   Code   RO         4875    i.TIM_OC1_SetConfig  stm32l4xx_hal_tim.o
    0x080067fc   0x080067fc   0x000000bc   Code   RO         4876    i.TIM_OC2_SetConfig  stm32l4xx_hal_tim.o
    0x080068b8   0x080068b8   0x000000b8   Code   RO         4877    i.TIM_OC3_SetConfig  stm32l4xx_hal_tim.o
    0x08006970   0x08006970   0x0000007c   Code   RO         4878    i.TIM_OC4_SetConfig  stm32l4xx_hal_tim.o
    0x080069ec   0x080069ec   0x00000074   Code   RO         4879    i.TIM_OC5_SetConfig  stm32l4xx_hal_tim.o
    0x08006a60   0x08006a60   0x00000078   Code   RO         4880    i.TIM_OC6_SetConfig  stm32l4xx_hal_tim.o
    0x08006ad8   0x08006ad8   0x0000009c   Code   RO          378    i.Term_Update_AfterRead  sensor_service.o
    0x08006b74   0x08006b74   0x0000000e   Code   RO         8079    i.USBD_CDC_SetRxBuffer  usbd_cdc.o
    0x08006b82   0x08006b82   0x00000014   Code   RO         8080    i.USBD_CDC_SetTxBuffer  usbd_cdc.o
    0x08006b96   0x08006b96   0x0000003e   Code   RO         8082    i.USBD_CDC_TransmitPacket  usbd_cdc.o
    0x08006bd4   0x08006bd4   0x00000016   Code   RO         8173    i.USBD_ClrClassConfig  usbd_core.o
    0x08006bea   0x08006bea   0x0000003e   Code   RO         8311    i.USBD_ClrFeature   usbd_ctlreq.o
    0x08006c28   0x08006c28   0x00000018   Code   RO         8406    i.USBD_CtlContinueRx  usbd_ioreq.o
    0x08006c40   0x08006c40   0x00000018   Code   RO         8407    i.USBD_CtlContinueSendData  usbd_ioreq.o
    0x08006c58   0x08006c58   0x00000018   Code   RO         8312    i.USBD_CtlError     usbd_ctlreq.o
    0x08006c70   0x08006c70   0x0000001a   Code   RO         8409    i.USBD_CtlReceiveStatus  usbd_ioreq.o
    0x08006c8a   0x08006c8a   0x00000022   Code   RO         8410    i.USBD_CtlSendData  usbd_ioreq.o
    0x08006cac   0x08006cac   0x0000001a   Code   RO         8411    i.USBD_CtlSendStatus  usbd_ioreq.o
    0x08006cc6   0x08006cc6   0x00000056   Code   RO         8313    i.USBD_GetConfig    usbd_ctlreq.o
    0x08006d1c   0x08006d1c   0x00000152   Code   RO         8314    i.USBD_GetDescriptor  usbd_ctlreq.o
    0x08006e6e   0x08006e6e   0x0000005a   Code   RO         8316    i.USBD_GetStatus    usbd_ctlreq.o
    0x08006ec8   0x08006ec8   0x00000014   Code   RO          790    i.USBD_LL_ClearStallEP  usbd_conf.o
    0x08006edc   0x08006edc   0x00000100   Code   RO         8176    i.USBD_LL_DataInStage  usbd_core.o
    0x08006fdc   0x08006fdc   0x000000a6   Code   RO         8177    i.USBD_LL_DataOutStage  usbd_core.o
    0x08007082   0x08007082   0x00000006   Code   RO         8178    i.USBD_LL_DevConnected  usbd_core.o
    0x08007088   0x08007088   0x0000001a   Code   RO         8179    i.USBD_LL_DevDisconnected  usbd_core.o
    0x080070a2   0x080070a2   0x00000038   Code   RO          797    i.USBD_LL_IsStallEP  usbd_conf.o
    0x080070da   0x080070da   0x00000006   Code   RO         8180    i.USBD_LL_IsoINIncomplete  usbd_core.o
    0x080070e0   0x080070e0   0x00000006   Code   RO         8181    i.USBD_LL_IsoOUTIncomplete  usbd_core.o
    0x080070e6   0x080070e6   0x00000020   Code   RO          798    i.USBD_LL_OpenEP    usbd_conf.o
    0x08007106   0x08007106   0x00000020   Code   RO          799    i.USBD_LL_PrepareReceive  usbd_conf.o
    0x08007126   0x08007126   0x0000005c   Code   RO         8182    i.USBD_LL_Reset     usbd_core.o
    0x08007182   0x08007182   0x0000000e   Code   RO         8183    i.USBD_LL_Resume    usbd_core.o
    0x08007190   0x08007190   0x00000022   Code   RO         8184    i.USBD_LL_SOF       usbd_core.o
    0x080071b2   0x080071b2   0x00000008   Code   RO         8185    i.USBD_LL_SetSpeed  usbd_core.o
    0x080071ba   0x080071ba   0x00000014   Code   RO          800    i.USBD_LL_SetUSBAddress  usbd_conf.o
    0x080071ce   0x080071ce   0x0000006e   Code   RO         8186    i.USBD_LL_SetupStage  usbd_core.o
    0x0800723c   0x0800723c   0x00000014   Code   RO          801    i.USBD_LL_StallEP   usbd_conf.o
    0x08007250   0x08007250   0x00000014   Code   RO         8187    i.USBD_LL_Suspend   usbd_core.o
    0x08007264   0x08007264   0x00000020   Code   RO          804    i.USBD_LL_Transmit  usbd_conf.o
    0x08007284   0x08007284   0x00000028   Code   RO         8318    i.USBD_ParseSetupRequest  usbd_ctlreq.o
    0x080072ac   0x080072ac   0x00000006   Code   RO         8189    i.USBD_RunTestMode  usbd_core.o
    0x080072b2   0x080072b2   0x0000005a   Code   RO         8319    i.USBD_SetAddress   usbd_ctlreq.o
    0x0800730c   0x0800730c   0x00000022   Code   RO         8190    i.USBD_SetClassConfig  usbd_core.o
    0x0800732e   0x0800732e   0x00000002   PAD
    0x08007330   0x08007330   0x000000e8   Code   RO         8320    i.USBD_SetConfig    usbd_ctlreq.o
    0x08007418   0x08007418   0x00000018   Code   RO         8321    i.USBD_SetFeature   usbd_ctlreq.o
    0x08007430   0x08007430   0x000000a2   Code   RO         8322    i.USBD_StdDevReq    usbd_ctlreq.o
    0x080074d2   0x080074d2   0x00000238   Code   RO         8323    i.USBD_StdEPReq     usbd_ctlreq.o
    0x0800770a   0x0800770a   0x0000007e   Code   RO         8324    i.USBD_StdItfReq    usbd_ctlreq.o
    0x08007788   0x08007788   0x000000c4   Code   RO         6007    i.USB_ActivateEndpoint  stm32l4xx_ll_usb.o
    0x0800784c   0x0800784c   0x00000044   Code   RO         6009    i.USB_ActivateSetup  stm32l4xx_ll_usb.o
    0x08007890   0x08007890   0x00000184   Code   RO         6022    i.USB_EP0StartXfer  stm32l4xx_ll_usb.o
    0x08007a14   0x08007a14   0x00000032   Code   RO         6023    i.USB_EP0_OutStart  stm32l4xx_ll_usb.o
    0x08007a46   0x08007a46   0x00000088   Code   RO         6024    i.USB_EPClearStall  stm32l4xx_ll_usb.o
    0x08007ace   0x08007ace   0x0000008c   Code   RO         6025    i.USB_EPSetStall    stm32l4xx_ll_usb.o
    0x08007b5a   0x08007b5a   0x00000002   PAD
    0x08007b5c   0x08007b5c   0x000002a8   Code   RO         6026    i.USB_EPStartXfer   stm32l4xx_ll_usb.o
    0x08007e04   0x08007e04   0x00000030   Code   RO         6029    i.USB_FlushTxFifo   stm32l4xx_ll_usb.o
    0x08007e34   0x08007e34   0x0000000a   Code   RO         6033    i.USB_GetMode       stm32l4xx_ll_usb.o
    0x08007e3e   0x08007e3e   0x00000012   Code   RO         6040    i.USB_ReadDevAllInEpInterrupt  stm32l4xx_ll_usb.o
    0x08007e50   0x08007e50   0x00000012   Code   RO         6041    i.USB_ReadDevAllOutEpInterrupt  stm32l4xx_ll_usb.o
    0x08007e62   0x08007e62   0x00000032   Code   RO         6042    i.USB_ReadDevInEPInterrupt  stm32l4xx_ll_usb.o
    0x08007e94   0x08007e94   0x00000016   Code   RO         6043    i.USB_ReadDevOutEPInterrupt  stm32l4xx_ll_usb.o
    0x08007eaa   0x08007eaa   0x0000000c   Code   RO         6044    i.USB_ReadInterrupts  stm32l4xx_ll_usb.o
    0x08007eb6   0x08007eb6   0x00000028   Code   RO         6045    i.USB_ReadPacket    stm32l4xx_ll_usb.o
    0x08007ede   0x08007ede   0x00000024   Code   RO         6048    i.USB_SetDevAddress  stm32l4xx_ll_usb.o
    0x08007f02   0x08007f02   0x00000038   Code   RO         6052    i.USB_WritePacket   stm32l4xx_ll_usb.o
    0x08007f3a   0x08007f3a   0x00000004   Code   RO          565    i.UsageFault_Handler  stm32l4xx_it.o
    0x08007f3e   0x08007f3e   0x00000038   Code   RO         6367    i.WriteRegWrap      hts221.o
    0x08007f76   0x08007f76   0x00000058   Code   RO         6792    i.WriteRegWrap      lps22hb.o
    0x08007fce   0x08007fce   0x00000002   PAD
    0x08007fd0   0x08007fd0   0x00000028   Code   RO         8681    i.__0sprintf$8      mc_w.l(printf8.o)
    0x08007ff8   0x08007ff8   0x0000000e   Code   RO         8809    i.__scatterload_copy  mc_w.l(handlers.o)
    0x08008006   0x08008006   0x00000002   Code   RO         8810    i.__scatterload_null  mc_w.l(handlers.o)
    0x08008008   0x08008008   0x0000000e   Code   RO         8811    i.__scatterload_zeroinit  mc_w.l(handlers.o)
    0x08008016   0x08008016   0x00000002   PAD
    0x08008018   0x08008018   0x00000416   Code   RO         8686    i._printf_core      mc_w.l(printf8.o)
    0x0800842e   0x0800842e   0x00000024   Code   RO         8687    i._printf_post_padding  mc_w.l(printf8.o)
    0x08008452   0x08008452   0x0000002e   Code   RO         8688    i._printf_pre_padding  mc_w.l(printf8.o)
    0x08008480   0x08008480   0x0000000a   Code   RO         8690    i._sputc            mc_w.l(printf8.o)
    0x0800848a   0x0800848a   0x00000082   Code   RO         1596    i.aci_gap_init_IDB05A1  bluenrg_gap_aci.o
    0x0800850c   0x0800850c   0x00000108   Code   RO         1607    i.aci_gap_set_discoverable  bluenrg_gap_aci.o
    0x08008614   0x08008614   0x0000005c   Code   RO         1620    i.aci_gap_start_general_discovery_proc  bluenrg_gap_aci.o
    0x08008670   0x08008670   0x000000dc   Code   RO         1862    i.aci_gatt_add_char  bluenrg_gatt_aci.o
    0x0800874c   0x0800874c   0x00000098   Code   RO         1864    i.aci_gatt_add_serv  bluenrg_gatt_aci.o
    0x080087e4   0x080087e4   0x00000046   Code   RO         1865    i.aci_gatt_allow_read  bluenrg_gatt_aci.o
    0x0800882a   0x0800882a   0x0000003a   Code   RO         1878    i.aci_gatt_init     bluenrg_gatt_aci.o
    0x08008864   0x08008864   0x000000a4   Code   RO         1891    i.aci_gatt_update_char_value  bluenrg_gatt_aci.o
    0x08008908   0x08008908   0x00000028   Code   RO         1514    i.free_event_list   hci_tl.o
    0x08008930   0x08008930   0x00000052   Code   RO         2345    i.getBlueNRGVersion  bluenrg_utils_small.o
    0x08008982   0x08008982   0x00000002   PAD
    0x08008984   0x08008984   0x00000068   Code   RO         1515    i.hci_init          hci_tl.o
    0x080089ec   0x080089ec   0x00000080   Code   RO         1323    i.hci_le_read_local_version  hci_le.o
    0x08008a6c   0x08008a6c   0x00000052   Code   RO         1331    i.hci_le_set_random_address  hci_le.o
    0x08008abe   0x08008abe   0x00000066   Code   RO         1334    i.hci_le_set_scan_resp_data  hci_le.o
    0x08008b24   0x08008b24   0x00000068   Code   RO         1516    i.hci_notify_asynch_evt  hci_tl.o
    0x08008b8c   0x08008b8c   0x0000001c   Code   RO         1517    i.hci_register_io_bus  hci_tl.o
    0x08008ba8   0x08008ba8   0x000001a6   Code   RO         1518    i.hci_send_req      hci_tl.o
    0x08008d4e   0x08008d4e   0x00000002   PAD
    0x08008d50   0x08008d50   0x0000006c   Code   RO         1075    i.hci_tl_lowlevel_init  hci_tl_interface.o
    0x08008dbc   0x08008dbc   0x00000020   Code   RO         1076    i.hci_tl_lowlevel_isr  hci_tl_interface.o
    0x08008ddc   0x08008ddc   0x00000040   Code   RO         1519    i.hci_user_evt_proc  hci_tl.o
    0x08008e1c   0x08008e1c   0x00000032   Code   RO         6521    i.hts221_block_data_update_set  hts221_reg.o
    0x08008e4e   0x08008e4e   0x00000050   Code   RO         6524    i.hts221_data_rate_get  hts221_reg.o
    0x08008e9e   0x08008e9e   0x00000032   Code   RO         6525    i.hts221_data_rate_set  hts221_reg.o
    0x08008ed0   0x08008ed0   0x00000018   Code   RO         6526    i.hts221_device_id_get  hts221_reg.o
    0x08008ee8   0x08008ee8   0x00000018   Code   RO         6531    i.hts221_hum_adc_point_0_get  hts221_reg.o
    0x08008f00   0x08008f00   0x00000018   Code   RO         6532    i.hts221_hum_adc_point_1_get  hts221_reg.o
    0x08008f18   0x08008f18   0x0000001e   Code   RO         6534    i.hts221_hum_rh_point_0_get  hts221_reg.o
    0x08008f36   0x08008f36   0x0000001e   Code   RO         6535    i.hts221_hum_rh_point_1_get  hts221_reg.o
    0x08008f54   0x08008f54   0x00000018   Code   RO         6538    i.hts221_humidity_raw_get  hts221_reg.o
    0x08008f6c   0x08008f6c   0x00000032   Code   RO         6546    i.hts221_power_on_set  hts221_reg.o
    0x08008f9e   0x08008f9e   0x00000020   Code   RO         6547    i.hts221_read_reg   hts221_reg.o
    0x08008fbe   0x08008fbe   0x00000018   Code   RO         6549    i.hts221_temp_adc_point_0_get  hts221_reg.o
    0x08008fd6   0x08008fd6   0x00000018   Code   RO         6550    i.hts221_temp_adc_point_1_get  hts221_reg.o
    0x08008fee   0x08008fee   0x00000040   Code   RO         6552    i.hts221_temp_deg_point_0_get  hts221_reg.o
    0x0800902e   0x0800902e   0x00000040   Code   RO         6553    i.hts221_temp_deg_point_1_get  hts221_reg.o
    0x0800906e   0x0800906e   0x00000018   Code   RO         6556    i.hts221_temperature_raw_get  hts221_reg.o
    0x08009086   0x08009086   0x00000022   Code   RO         6557    i.hts221_write_reg  hts221_reg.o
    0x080090a8   0x080090a8   0x00000214   Code   RO           14    i.init_blue_nrg_ms_stack  main.o
    0x080092bc   0x080092bc   0x00000084   Code   RO         1147    i.init_gpio_leds    mci_hw_gpio.o
    0x08009340   0x08009340   0x00000054   Code   RO         1149    i.init_gpio_pc0_as_output  mci_hw_gpio.o
    0x08009394   0x08009394   0x00000060   Code   RO         1151    i.init_gpio_pc1_as_output  mci_hw_gpio.o
    0x080093f4   0x080093f4   0x0000004c   Code   RO         1214    i.init_tim3         mci_hw_timer.o
    0x08009440   0x08009440   0x00000012   Code   RO         2371    i.list_get_size     ble_list.o
    0x08009452   0x08009452   0x00000006   Code   RO         2372    i.list_init_head    ble_list.o
    0x08009458   0x08009458   0x0000000e   Code   RO         2373    i.list_insert_head  ble_list.o
    0x08009466   0x08009466   0x0000000e   Code   RO         2376    i.list_insert_tail  ble_list.o
    0x08009474   0x08009474   0x00000010   Code   RO         2377    i.list_is_empty     ble_list.o
    0x08009484   0x08009484   0x0000001c   Code   RO         2378    i.list_remove_head  ble_list.o
    0x080094a0   0x080094a0   0x0000000e   Code   RO         2379    i.list_remove_node  ble_list.o
    0x080094ae   0x080094ae   0x0000001c   Code   RO         2380    i.list_remove_tail  ble_list.o
    0x080094ca   0x080094ca   0x00000030   Code   RO         6995    i.lps22hb_auto_add_inc_set  lps22hb_reg.o
    0x080094fa   0x080094fa   0x00000030   Code   RO         7001    i.lps22hb_block_data_update_set  lps22hb_reg.o
    0x0800952a   0x0800952a   0x00000030   Code   RO         7003    i.lps22hb_boot_set  lps22hb_reg.o
    0x0800955a   0x0800955a   0x00000022   Code   RO         7005    i.lps22hb_data_rate_get  lps22hb_reg.o
    0x0800957c   0x0800957c   0x00000030   Code   RO         7006    i.lps22hb_data_rate_set  lps22hb_reg.o
    0x080095ac   0x080095ac   0x00000014   Code   RO         7008    i.lps22hb_device_id_get  lps22hb_reg.o
    0x080095c0   0x080095c0   0x00000030   Code   RO         7027    i.lps22hb_i2c_interface_set  lps22hb_reg.o
    0x080095f0   0x080095f0   0x00000030   Code   RO         7043    i.lps22hb_low_pass_filter_mode_set  lps22hb_reg.o
    0x08009620   0x08009620   0x00000030   Code   RO         7046    i.lps22hb_low_power_set  lps22hb_reg.o
    0x08009650   0x08009650   0x00000014   Code   RO         7055    i.lps22hb_pressure_raw_get  lps22hb_reg.o
    0x08009664   0x08009664   0x0000001c   Code   RO         7062    i.lps22hb_read_reg  lps22hb_reg.o
    0x08009680   0x08009680   0x00000014   Code   RO         7073    i.lps22hb_temperature_raw_get  lps22hb_reg.o
    0x08009694   0x08009694   0x0000001e   Code   RO         7074    i.lps22hb_write_reg  lps22hb_reg.o
    0x080096b2   0x080096b2   0x00000002   PAD
    0x080096b4   0x080096b4   0x00000080   Code   RO           15    i.main              main.o
    0x08009734   0x08009734   0x00000024   Code   RO         1520    i.move_list         hci_tl.o
    0x08009758   0x08009758   0x00000054   Code   RO         1521    i.send_cmd          hci_tl.o
    0x080097ac   0x080097ac   0x00000024   Code   RO         1522    i.verify_packet     hci_tl.o
    0x080097d0   0x080097d0   0x00000048   Data   RO         6308    .constdata          system_stm32l4xx.o
    0x08009818   0x08009818   0x00000008   Data   RO         7513    .constdata          sensortile.o
    0x08009820   0x08009820   0x00000020   Data   RO         8807    Region$$Table       anon$$obj.o


    Execution Region RW_IRAM2 (Exec base: 0x10000000, Load base: 0x080098d0, Size: 0x00000000, Max: 0x00008000, ABSOLUTE, UNINIT)

    **** No section assigned to this execution region ****


    Execution Region RW_IRAM1 (Exec base: 0x20000000, Load base: 0x08009840, Size: 0x0000a708, Max: 0x00018000, ABSOLUTE, COMPRESSED[0x00000090])

    Exec Addr    Load Addr    Size         Type   Attr      Idx    E Section Name        Object

    0x20000000   COMPRESSED   0x00000020   Data   RW           18    .data               main.o
    0x20000020   COMPRESSED   0x00000020   Data   RW          382    .data               sensor_service.o
    0x20000040   COMPRESSED   0x00000028   Data   RW          724    .data               usbd_cdc_interface.o
    0x20000068   COMPRESSED   0x00000004   Data   RW         1078    .data               hci_tl_interface.o
    0x2000006c   COMPRESSED   0x00000010   Data   RW         1524    .data               hci_tl.o
    0x2000007c   COMPRESSED   0x00000004   Data   RW         2482    .data               stm32l4xx_hal.o
    0x20000080   COMPRESSED   0x00000004   Data   RW         6309    .data               system_stm32l4xx.o
    0x20000084   COMPRESSED   0x00000038   Data   RW         6368    .data               hts221.o
    0x200000bc   COMPRESSED   0x00000038   Data   RW         6793    .data               lps22hb.o
    0x200000f4   COMPRESSED   0x0000000c   Data   RW         7514    .data               sensortile.o
    0x20000100   COMPRESSED   0x0000002c   Data   RW         7662    .data               sensortile_env_sensors.o
    0x2000012c   COMPRESSED   0x00000001   Data   RW         8325    .data               usbd_ctlreq.o
    0x2000012d   COMPRESSED   0x00000003   PAD
    0x20000130        -       0x00000168   Zero   RW           16    .bss                main.o
    0x20000298        -       0x00000028   Zero   RW          381    .bss                sensor_service.o
    0x200002c0        -       0x000002d0   Zero   RW          672    .bss                targetplatform.o
    0x20000590        -       0x00001840   Zero   RW          723    .bss                usbd_cdc_interface.o
    0x20001dd0        -       0x000003cc   Zero   RW          805    .bss                usbd_conf.o
    0x2000219c        -       0x0000010b   Zero   RW         1077    .bss                hci_tl_interface.o
    0x200022a7   COMPRESSED   0x00000001   PAD
    0x200022a8        -       0x000002dc   Zero   RW         1523    .bss                hci_tl.o
    0x20002584        -       0x00000070   Zero   RW         7661    .bss                sensortile_env_sensors.o
    0x200025f4        -       0x00000114   Zero   RW         7903    .bss                sensortile_bus.o
    0x20002708        -       0x00008000   Zero   RW         1300    STACK               startup_stm32l476xx.o


==============================================================================

Image component sizes


      Code (inc. data)   RO Data    RW Data    ZI Data      Debug   Object Name

       138          0          0          0          0       6088   ble_list.o
       486          0          0          0          0       4541   bluenrg_gap_aci.o
       664          0          0          0          0       6371   bluenrg_gatt_aci.o
        82          0          0          0          0       1652   bluenrg_utils_small.o
       312          0          0          0          0       3592   hci_le.o
       918         64          0         16        732       9251   hci_tl.o
       720        114          0          4        267       7099   hci_tl_interface.o
      1392         26          0         56          0      22394   hts221.o
       652          0          0          0          0      13756   hts221_reg.o
      1446         56          0         56          0      20652   lps22hb.o
       488          0          0          0          0      10693   lps22hb_reg.o
      1316        192          0         32        360     910867   main.o
       312         28          0          0          0       1641   mci_hw_gpio.o
        98         10          0          0          0      27731   mci_hw_timer.o
      1734        302          0         32         40       9486   sensor_service.o
       152         12          8         12          0       2030   sensortile.o
      1128        116          0          0        276      13887   sensortile_bus.o
      1604        178          0         44        112      10228   sensortile_env_sensors.o
        36          8        392          0      32768        852   startup_stm32l476xx.o
        92         14          0          4          0       4537   stm32l4xx_hal.o
       342         28          0          0          0      33469   stm32l4xx_hal_cortex.o
        88          0          0          0          0       1215   stm32l4xx_hal_dma.o
       106          6          0          0          0       2483   stm32l4xx_hal_exti.o
       874         68          0          0          0       4305   stm32l4xx_hal_gpio.o
      3602         58          0          0          0      27396   stm32l4xx_hal_i2c.o
       180         18          0          0          0       1728   stm32l4xx_hal_msp.o
      2696         50          0          0          0       8847   stm32l4xx_hal_pcd.o
         2          0          0          0          0       1145   stm32l4xx_hal_pcd_ex.o
        20          6          0          0          0        619   stm32l4xx_hal_pwr.o
        36         12          0          0          0       1265   stm32l4xx_hal_pwr_ex.o
      2488         80          0          0          0       6254   stm32l4xx_hal_rcc.o
      2040         54          0          0          0       5475   stm32l4xx_hal_rcc_ex.o
      1792          0          0          0          0       9890   stm32l4xx_hal_spi.o
      2154        202          0          0          0      14815   stm32l4xx_hal_tim.o
         4          0          0          0          0       1894   stm32l4xx_hal_tim_ex.o
       116         30          0          0          0       7242   stm32l4xx_it.o
      1968         16          0          0          0      13755   stm32l4xx_ll_usb.o
        80         12         72          4          0       1377   system_stm32l4xx.o
       656        302          0          0        720       3607   targetplatform.o
        96          0          0          0          0       4852   usbd_cdc.o
       498         64          0         40       6208       5788   usbd_cdc_interface.o
       424          0          0          0        972      12344   usbd_conf.o
       806          0          0          0          0      12063   usbd_core.o
      1842         28          0          1          0      10635   usbd_ctlreq.o
       134          0          0          0          0       4408   usbd_ioreq.o

    ----------------------------------------------------------------------
     36882       2154        504        304      42456    1284219   Object Totals
         0          0         32          0          0          0   (incl. Generated)
        68          0          0          3          1          0   (incl. Padding)

    ----------------------------------------------------------------------

      Code (inc. data)   RO Data    RW Data    ZI Data      Debug   Library Member Name

        86          0          0          0          0          0   __dczerorl2.o
         0          0          0          0          0          0   entry.o
         0          0          0          0          0          0   entry10a.o
         0          0          0          0          0          0   entry11a.o
         8          4          0          0          0          0   entry2.o
         4          0          0          0          0          0   entry5.o
         0          0          0          0          0          0   entry7b.o
         0          0          0          0          0          0   entry8b.o
         8          4          0          0          0          0   entry9a.o
        30          0          0          0          0          0   handlers.o
        36          8          0          0          0         68   init.o
        30          0          0          0          0         68   llshl.o
        32          0          0          0          0         68   llushr.o
        36          0          0          0          0         68   memcpya.o
        36          0          0          0          0        108   memseta.o
      1178         50          0          0          0        420   printf8.o
       104          0          0          0          0         92   uldiv.o

    ----------------------------------------------------------------------
      1590         66          0          0          0        892   Library Totals
         2          0          0          0          0          0   (incl. Padding)

    ----------------------------------------------------------------------

      Code (inc. data)   RO Data    RW Data    ZI Data      Debug   Library Name

      1588         66          0          0          0        892   mc_w.l

    ----------------------------------------------------------------------
      1590         66          0          0          0        892   Library Totals

    ----------------------------------------------------------------------

==============================================================================


      Code (inc. data)   RO Data    RW Data    ZI Data      Debug   

     38472       2220        504        304      42456    1249279   Grand Totals
     38472       2220        504        144      42456    1249279   ELF Image Totals (compressed)
     38472       2220        504        144          0          0   ROM Totals

==============================================================================

    Total RO  Size (Code + RO Data)                38976 (  38.06kB)
    Total RW  Size (RW Data + ZI Data)             42760 (  41.76kB)
    Total ROM Size (Code + RO Data + RW Data)      39120 (  38.20kB)

==============================================================================

